Archive member included because of file (symbol)

C:\Users\evrichon\AppData\Local\Temp\VMBuilds\SmartCafe\stm32duino_genericSTM32F103C\Release\core.a(exc.S.o)
                              (__exc_nmi)
C:\Users\evrichon\AppData\Local\Temp\VMBuilds\SmartCafe\stm32duino_genericSTM32F103C\Release\core.a(isrs.S.o)
                              (__stm32reservedexception7)
C:\Users\evrichon\AppData\Local\Temp\VMBuilds\SmartCafe\stm32duino_genericSTM32F103C\Release\core.a(vector_table.S.o)
                              (__stm32_vector_table)
C:\Users\evrichon\AppData\Local\Temp\VMBuilds\SmartCafe\stm32duino_genericSTM32F103C\Release\core.a(adc.c.o)
                              C:\Users\evrichon\AppData\Local\Temp\VMBCore\arduino16x\e5e90edf64ad75469db171401044759f\variant\boards.cpp.o (adc_set_sample_rate)
C:\Users\evrichon\AppData\Local\Temp\VMBuilds\SmartCafe\stm32duino_genericSTM32F103C\Release\core.a(adc_f1.c.o)
                              (__irq_adc)
C:\Users\evrichon\AppData\Local\Temp\VMBuilds\SmartCafe\stm32duino_genericSTM32F103C\Release\core.a(dma.c.o)
                              SPI\SPI.cpp.o (dma_init)
C:\Users\evrichon\AppData\Local\Temp\VMBuilds\SmartCafe\stm32duino_genericSTM32F103C\Release\core.a(dma_f1.c.o)
                              SPI\SPI.cpp.o (dma_set_priority)
C:\Users\evrichon\AppData\Local\Temp\VMBuilds\SmartCafe\stm32duino_genericSTM32F103C\Release\core.a(exti.c.o)
                              (__irq_exti0)
C:\Users\evrichon\AppData\Local\Temp\VMBuilds\SmartCafe\stm32duino_genericSTM32F103C\Release\core.a(exti_f1.c.o)
                              C:\Users\evrichon\AppData\Local\Temp\VMBuilds\SmartCafe\stm32duino_genericSTM32F103C\Release\core.a(exti.c.o) (exti_select)
C:\Users\evrichon\AppData\Local\Temp\VMBuilds\SmartCafe\stm32duino_genericSTM32F103C\Release\core.a(flash.c.o)
                              C:\Users\evrichon\AppData\Local\Temp\VMBCore\arduino16x\e5e90edf64ad75469db171401044759f\variant\boards.cpp.o (flash_set_latency)
C:\Users\evrichon\AppData\Local\Temp\VMBuilds\SmartCafe\stm32duino_genericSTM32F103C\Release\core.a(gpio_f1.c.o)
                              C:\Users\evrichon\AppData\Local\Temp\VMBCore\arduino16x\e5e90edf64ad75469db171401044759f\variant\boards_setup.cpp.o (gpio_init_all)
C:\Users\evrichon\AppData\Local\Temp\VMBuilds\SmartCafe\stm32duino_genericSTM32F103C\Release\core.a(i2c.c.o)
                              Wire\Wire.cpp.o (i2c_master_enable)
C:\Users\evrichon\AppData\Local\Temp\VMBuilds\SmartCafe\stm32duino_genericSTM32F103C\Release\core.a(i2c_f1.c.o)
                              C:\Users\evrichon\AppData\Local\Temp\VMBuilds\SmartCafe\stm32duino_genericSTM32F103C\Release\core.a(i2c.c.o) (i2c_config_gpios)
C:\Users\evrichon\AppData\Local\Temp\VMBuilds\SmartCafe\stm32duino_genericSTM32F103C\Release\core.a(nvic.c.o)
                              C:\Users\evrichon\AppData\Local\Temp\VMBuilds\SmartCafe\stm32duino_genericSTM32F103C\Release\core.a(i2c_f1.c.o) (nvic_irq_set_priority)
C:\Users\evrichon\AppData\Local\Temp\VMBuilds\SmartCafe\stm32duino_genericSTM32F103C\Release\core.a(rcc.c.o)
                              SPI\SPI.cpp.o (rcc_dev_clk)
C:\Users\evrichon\AppData\Local\Temp\VMBuilds\SmartCafe\stm32duino_genericSTM32F103C\Release\core.a(rcc_f1.c.o)
                              C:\Users\evrichon\AppData\Local\Temp\VMBCore\arduino16x\e5e90edf64ad75469db171401044759f\variant\boards.cpp.o (rcc_configure_pll)
C:\Users\evrichon\AppData\Local\Temp\VMBuilds\SmartCafe\stm32duino_genericSTM32F103C\Release\core.a(spi.c.o)
                              SPI\SPI.cpp.o (spi_init)
C:\Users\evrichon\AppData\Local\Temp\VMBuilds\SmartCafe\stm32duino_genericSTM32F103C\Release\core.a(spi_f1.c.o)
                              SPI\SPI.cpp.o (spi_config_gpios)
C:\Users\evrichon\AppData\Local\Temp\VMBuilds\SmartCafe\stm32duino_genericSTM32F103C\Release\core.a(systick.c.o)
                              C:\Users\evrichon\AppData\Local\Temp\VMBCore\arduino16x\e5e90edf64ad75469db171401044759f\variant\boards.cpp.o (systick_init)
C:\Users\evrichon\AppData\Local\Temp\VMBuilds\SmartCafe\stm32duino_genericSTM32F103C\Release\core.a(timer.c.o)
                              C:\Users\evrichon\AppData\Local\Temp\VMBCore\arduino16x\e5e90edf64ad75469db171401044759f\variant\boards.cpp.o (timer_foreach)
C:\Users\evrichon\AppData\Local\Temp\VMBuilds\SmartCafe\stm32duino_genericSTM32F103C\Release\core.a(usart_f1.c.o)
                              (__irq_usart1)
C:\Users\evrichon\AppData\Local\Temp\VMBuilds\SmartCafe\stm32duino_genericSTM32F103C\Release\core.a(usart_private.c.o)
                              C:\Users\evrichon\AppData\Local\Temp\VMBuilds\SmartCafe\stm32duino_genericSTM32F103C\Release\core.a(usart_f1.c.o) (_usart_clock_freq)
C:\Users\evrichon\AppData\Local\Temp\VMBuilds\SmartCafe\stm32duino_genericSTM32F103C\Release\core.a(util.c.o)
[...]
Memory Configuration

Name             Origin             Length             Attributes
ram              0x20000000         0x00005000         xrw
rom              0x08000000         0x00010000         xr
*default*        0x00000000         0xffffffff

Linker script and memory map

LOAD c:/users/evrichon/appdata/local/arduino15/packages/arduino/tools/arm-none-eabi-gcc/4.8.3-2014q1/bin/../lib/gcc/arm-none-eabi/4.8.3/armv7-m/crti.o
LOAD c:/users/evrichon/appdata/local/arduino15/packages/arduino/tools/arm-none-eabi-gcc/4.8.3-2014q1/bin/../lib/gcc/arm-none-eabi/4.8.3/armv7-m/crtbegin.o
LOAD c:/users/evrichon/appdata/local/arduino15/packages/arduino/tools/arm-none-eabi-gcc/4.8.3-2014q1/bin/../lib/gcc/arm-none-eabi/4.8.3/../../../../arm-none-eabi/lib/armv7-m/crt0.o
LOAD c:/users/evrichon/appdata/local/arduino15/packages/arduino/tools/arm-none-eabi-gcc/4.8.3-2014q1/bin/../lib/gcc/arm-none-eabi/4.8.3/armv7-m\libgcc.a
START GROUP
LOAD SmartCafe.cpp.o
LOAD Button\Button.cpp.o
LOAD Extra\EEPROMio.cpp.o
LOAD List\List.cpp.o
LOAD Menu\Menu.cpp.o
LOAD VM_DBG\VM_DBG.cpp.o
LOAD Wire\SoftWire.cpp.o
LOAD Wire\Wire.cpp.o
LOAD Wire\utility\WireBase.cpp.o
LOAD EEPROM\flash_stm32.c.o
LOAD EEPROM\EEPROM.cpp.o
LOAD Adafruit-GFX-Library-master\glcdfont.c.o
LOAD Adafruit-GFX-Library-master\Adafruit_GFX.cpp.o
LOAD Adafruit-GFX-Library-master\Adafruit_SPITFT.cpp.o
LOAD Adafruit_SSD1306\Adafruit_SSD1306_STM32.cpp.o
LOAD SPI\SPI.cpp.o
LOAD C:\Users\evrichon\AppData\Local\Temp\VMBCore\arduino16x\e5e90edf64ad75469db171401044759f\variant\board.cpp.o
LOAD C:\Users\evrichon\AppData\Local\Temp\VMBCore\arduino16x\e5e90edf64ad75469db171401044759f\variant\boards.cpp.o
LOAD C:\Users\evrichon\AppData\Local\Temp\VMBCore\arduino16x\e5e90edf64ad75469db171401044759f\variant\boards_setup.cpp.o
LOAD C:\Users\evrichon\AppData\Local\Temp\VMBCore\arduino16x\e5e90edf64ad75469db171401044759f\variant\start.S.o
LOAD C:\Users\evrichon\AppData\Local\Temp\VMBCore\arduino16x\e5e90edf64ad75469db171401044759f\variant\start_c.c.o
LOAD C:\Users\evrichon\AppData\Local\Temp\VMBCore\arduino16x\e5e90edf64ad75469db171401044759f\variant\syscalls.c.o
LOAD C:\Users\evrichon\AppData\Local\Temp\VMBuilds\SmartCafe\stm32duino_genericSTM32F103C\Release\core.a
END GROUP
LOAD c:/users/evrichon/appdata/local/arduino15/packages/arduino/tools/arm-none-eabi-gcc/4.8.3-2014q1/bin/../lib/gcc/arm-none-eabi/4.8.3/../../../../arm-none-eabi/lib/armv7-m\libstdc++.a
LOAD c:/users/evrichon/appdata/local/arduino15/packages/arduino/tools/arm-none-eabi-gcc/4.8.3-2014q1/bin/../lib/gcc/arm-none-eabi/4.8.3/../../../../arm-none-eabi/lib/armv7-m\libm.a
START GROUP
LOAD c:/users/evrichon/appdata/local/arduino15/packages/arduino/tools/arm-none-eabi-gcc/4.8.3-2014q1/bin/../lib/gcc/arm-none-eabi/4.8.3/armv7-m\libgcc.a
LOAD c:/users/evrichon/appdata/local/arduino15/packages/arduino/tools/arm-none-eabi-gcc/4.8.3-2014q1/bin/../lib/gcc/arm-none-eabi/4.8.3/../../../../arm-none-eabi/lib/armv7-m\libc.a
END GROUP
LOAD c:/users/evrichon/appdata/local/arduino15/packages/arduino/tools/arm-none-eabi-gcc/4.8.3-2014q1/bin/../lib/gcc/arm-none-eabi/4.8.3/armv7-m/crtend.o
LOAD c:/users/evrichon/appdata/local/arduino15/packages/arduino/tools/arm-none-eabi-gcc/4.8.3-2014q1/bin/../lib/gcc/arm-none-eabi/4.8.3/armv7-m/crtn.o
START GROUP
LOAD c:/users/evrichon/appdata/local/arduino15/packages/arduino/tools/arm-none-eabi-gcc/4.8.3-2014q1/bin/../lib/gcc/arm-none-eabi/4.8.3/armv7-m\libgcc.a
LOAD c:/users/evrichon/appdata/local/arduino15/packages/arduino/tools/arm-none-eabi-gcc/4.8.3-2014q1/bin/../lib/gcc/arm-none-eabi/4.8.3/../../../../arm-none-eabi/lib/armv7-m\libc.a
LOAD c:/users/evrichon/appdata/local/arduino15/packages/arduino/tools/arm-none-eabi-gcc/4.8.3-2014q1/bin/../lib/gcc/arm-none-eabi/4.8.3/../../../../arm-none-eabi/lib/armv7-m\libm.a
END GROUP
START GROUP
LOAD c:/users/evrichon/appdata/local/arduino15/packages/arduino/tools/arm-none-eabi-gcc/4.8.3-2014q1/bin/../lib/gcc/arm-none-eabi/4.8.3/../../../../arm-none-eabi/lib/armv7-m\libnosys.a
END GROUP
                0x20005000                PROVIDE (__msp_init, (ORIGIN (ram) + 0x5000))
                0x08002d8c                PROVIDE (__exc_reset, __start__)

.text           0x08000000     0x78c8
                0x08000000                __text_start__ = .
 *(.stm32.interrupt_vector)
 .stm32.interrupt_vector
                0x08000000       0xec C:\Users\evrichon\AppData\Local\Temp\VMBuilds\SmartCafe\stm32duino_genericSTM32F103C\Release\core.a(vector_table.S.o)
                0x08000000                __stm32_vector_table
 *(.text .text.* .gnu.linkonce.t.*)
 .text          0x080000ec       0x54 c:/users/evrichon/appdata/local/arduino15/packages/arduino/tools/arm-none-eabi-gcc/4.8.3-2014q1/bin/../lib/gcc/arm-none-eabi/4.8.3/armv7-m/crtbegin.o
 .text._Z5setupv
                0x08000140       0xb8 SmartCafe.cpp.o
                0x08000140                setup()
 .text._Z13updateDisplayv
                0x080001f8       0x40 SmartCafe.cpp.o
                0x080001f8                updateDisplay()
 .text._Z11recvOneCharv
                0x08000238       0x3c SmartCafe.cpp.o
                0x08000238                recvOneChar()
 .text._Z17recvWithEndMarkerv
                0x08000274       0x60 SmartCafe.cpp.o
                0x08000274                recvWithEndMarker()
 .text._Z4loopv
                0x080002d4      0x270 SmartCafe.cpp.o
                0x080002d4                loop()
 .text._ZN6ButtonC2Ev
                0x08000544        0xa Button\Button.cpp.o
                0x08000544                Button::Button()
                0x08000544                Button::Button()
 .text._ZN6Button4initEi
                0x0800054e        0xa Button\Button.cpp.o
                0x0800054e                Button::init(int)
 .text._ZN6Button4readEv
                0x08000558       0x44 Button\Button.cpp.o
                0x08000558                Button::read()
 .text._ZN6Button9isPressedEv
                0x0800059c       0x10 Button\Button.cpp.o
                0x0800059c                Button::isPressed()
 .text._ZN9EEPROM_IOC2E13EEPROM_CONFIG
                0x080005ac       0x50 Extra\EEPROMio.cpp.o
                0x080005ac                EEPROM_IO::EEPROM_IO(EEPROM_CONFIG)
                0x080005ac                EEPROM_IO::EEPROM_IO(EEPROM_CONFIG)
 .text._ZN9EEPROM_IO11isValidAddrEt
                0x080005fc       0x40 Extra\EEPROMio.cpp.o
                0x080005fc                EEPROM_IO::isValidAddr(unsigned short)
 .text._ZN9EEPROM_IO15getBaseAddrByIdEiRt
                0x0800063c       0x40 Extra\EEPROMio.cpp.o
                0x0800063c                EEPROM_IO::getBaseAddrById(int, unsigned short&)
 .text._ZN9EEPROM_IO7getItemEiR4Item
                0x0800067c       0xb0 Extra\EEPROMio.cpp.o
                0x0800067c                EEPROM_IO::getItem(int, Item&)
 .text._ZN9EEPROM_IO7addItemER4Item
                0x0800072c       0xa0 Extra\EEPROMio.cpp.o
                0x0800072c                EEPROM_IO::addItem(Item&)
 .text._ZN9EEPROM_IO10updateItemER4Item
                0x080007cc       0x6c Extra\EEPROMio.cpp.o
                0x080007cc                EEPROM_IO::updateItem(Item&)
 .text._ZN9EEPROM_IO10removeItemER4Item
                0x08000838       0x28 Extra\EEPROMio.cpp.o
                0x08000838                EEPROM_IO::removeItem(Item&)
 .text._ZN4ListC2Ev
                0x08000860        0x8 List\List.cpp.o
                0x08000860                List::List()
                0x08000860                List::List()
 .text._ZN4List9pushAfterEPcit
                0x08000868       0x4c List\List.cpp.o
                0x08000868                List::pushAfter(char*, int, unsigned short)
 .text._ZN4List3popEv
                0x080008b4       0x32 List\List.cpp.o
                0x080008b4                List::pop()
 .text._ZN4List4nextEv
                0x080008e6        0xa List\List.cpp.o
                0x080008e6                List::next()
 .text._ZN4List4prevEv
                0x080008f0        0xa List\List.cpp.o
                0x080008f0                List::prev()
 .text._ZN4List7getCurrEv
                0x080008fa        0x4 List\List.cpp.o
                0x080008fa                List::getCurr()
 .text._ZN4List6lengthEv
                0x080008fe        0x4 List\List.cpp.o
                0x080008fe                List::length()
 *fill*         0x08000902        0x2 
 .text._ZN4Menu15displayMainMenuEv
                0x08000904       0x88 Menu\Menu.cpp.o
                0x08000904                Menu::displayMainMenu()
 .text._ZN4Menu11displayMenuEv
                0x0800098c       0xec Menu\Menu.cpp.o
                0x0800098c                Menu::displayMenu()
 .text._ZN4Menu12displayItemsEv
                0x08000a78       0x8e Menu\Menu.cpp.o
                0x08000a78                Menu::displayItems()
 *fill*         0x08000b06        0x2 
 .text._ZN4Menu12displayOrderEv
                0x08000b08      0x1c8 Menu\Menu.cpp.o
                0x08000b08                Menu::displayOrder()
 .text._ZN4Menu15updateSelectionE7Command
                0x08000cd0       0x74 Menu\Menu.cpp.o
                0x08000cd0                Menu::updateSelection(Command)
 .text._ZN4Menu12itemToStringER4ItemPc
                0x08000d44       0xa4 Menu\Menu.cpp.o
                0x08000d44                Menu::itemToString(Item&, char*)
 .text._ZN4MenuC2Ev
                0x08000de8       0xaa Menu\Menu.cpp.o
                0x08000de8                Menu::Menu()
                0x08000de8                Menu::Menu()
 .text._ZN4Menu7displayEv
                0x08000e92       0x3e Menu\Menu.cpp.o
                0x08000e92                Menu::display()
 .text._ZN4Menu7addItemER4Item
                0x08000ed0       0x32 Menu\Menu.cpp.o
                0x08000ed0                Menu::addItem(Item&)
 *fill*         0x08000f02        0x2 
 .text._ZN4Menu10deleteItemER4Item
                0x08000f04       0x88 Menu\Menu.cpp.o
                0x08000f04                Menu::deleteItem(Item&)
 .text._ZN4Menu10updateItemER4Item
                0x08000f8c       0x84 Menu\Menu.cpp.o
                0x08000f8c                Menu::updateItem(Item&)
 .text._ZN4Menu13dislayLoadingEv
                0x08001010       0xcc Menu\Menu.cpp.o
                0x08001010                Menu::dislayLoading()
 .text._ZN4Menu18updateConfirmationE7Command
                0x080010dc       0x90 Menu\Menu.cpp.o
                0x080010dc                Menu::updateConfirmation(Command)
 .text._ZN4Menu6updateE7Command
                0x0800116c       0x30 Menu\Menu.cpp.o
                0x0800116c                Menu::update(Command)
 .text._ZN16VisualMicroDebug16DBG_YieldAndWaitEmb
                0x0800119c       0x18 VM_DBG\VM_DBG.cpp.o
                0x0800119c                VisualMicroDebug::DBG_YieldAndWait(unsigned long, bool)
 .text._ZN16VisualMicroDebug16DBG_YieldAndWaitEm
                0x080011b4        0x6 VM_DBG\VM_DBG.cpp.o
                0x080011b4                VisualMicroDebug::DBG_YieldAndWait(unsigned long)
 *fill*         0x080011ba        0x2 
 .text._ZN16VisualMicroDebug14outPacketStartEb
                0x080011bc       0x28 VM_DBG\VM_DBG.cpp.o
                0x080011bc                VisualMicroDebug::outPacketStart(bool)
 .text._ZN16VisualMicroDebug12outPacketEndEv
                0x080011e4        0x2 VM_DBG\VM_DBG.cpp.o
                0x080011e4                VisualMicroDebug::outPacketEnd()
 *fill*         0x080011e6        0x2 
 .text._ZN16VisualMicroDebug5beginEm
                0x080011e8       0x1c VM_DBG\VM_DBG.cpp.o
                0x080011e8                VisualMicroDebug::begin(unsigned long)
 .text._ZN16VisualMicroDebug4initEm
                0x08001204        0xe VM_DBG\VM_DBG.cpp.o
                0x08001204                VisualMicroDebug::init(unsigned long)
 *fill*         0x08001212        0x2 
 .text._ZN16VisualMicroDebug16sendContinuedACKEh
                0x08001214       0x44 VM_DBG\VM_DBG.cpp.o
                0x08001214                VisualMicroDebug::sendContinuedACK(unsigned char)
 .text.startup._GLOBAL__sub_I__ZN16VisualMicroDebug16DBG_YieldAndWaitEm
                0x08001258       0x14 VM_DBG\VM_DBG.cpp.o
 .text._ZN16VisualMicroDebug9breakWaitEh
                0x0800126c       0x60 VM_DBG\VM_DBG.cpp.o
                0x0800126c                VisualMicroDebug::breakWait(unsigned char)
 .text._ZN16VisualMicroDebug5startEbb
                0x080012cc       0x26 VM_DBG\VM_DBG.cpp.o
                0x080012cc                VisualMicroDebug::start(bool, bool)
 .text._ZN7TwoWire7processEv
                0x080012f2        0xc Wire\Wire.cpp.o
                0x080012f2                TwoWire::process()
 .text._ZN7TwoWire7processEh
                0x080012fe       0x52 Wire\Wire.cpp.o
                0x080012fe                TwoWire::process(unsigned char)
 .text._ZN7TwoWire5beginEh
                0x08001350        0xc Wire\Wire.cpp.o
                0x08001350                TwoWire::begin(unsigned char)
 .text._ZN7TwoWireD2Ev
                0x0800135c       0x28 Wire\Wire.cpp.o
                0x0800135c                TwoWire::~TwoWire()
                0x0800135c                TwoWire::~TwoWire()
 .text.startup._GLOBAL__sub_I__ZN7TwoWire7processEh
                0x08001384       0x30 Wire\Wire.cpp.o
 .text._ZN8WireBase5beginEh
                0x080013b4       0x14 Wire\utility\WireBase.cpp.o
                0x080013b4                WireBase::begin(unsigned char)
 .text._ZN8WireBase17beginTransmissionEi
                0x080013c8       0x16 Wire\utility\WireBase.cpp.o
                0x080013c8                WireBase::beginTransmission(int)
 .text._ZN8WireBase15endTransmissionEb
                0x080013de       0x1e Wire\utility\WireBase.cpp.o
                0x080013de                WireBase::endTransmission(bool)
 .text._ZN8WireBase15endTransmissionEv
                0x080013fc        0x6 Wire\utility\WireBase.cpp.o
                0x080013fc                WireBase::endTransmission()
 .text._ZN8WireBase5writeEh
                0x08001402       0x28 Wire\utility\WireBase.cpp.o
                0x08001402                WireBase::write(unsigned char)
 .text._ZN8WireBase5writeEi
                0x0800142a        0x6 Wire\utility\WireBase.cpp.o
                0x0800142a                WireBase::write(int)
 .text.FLASH_GetStatus
                0x08001430       0x34 EEPROM\flash_stm32.c.o
                0x08001430                FLASH_GetStatus
 .text.FLASH_WaitForLastOperation
                0x08001464       0x36 EEPROM\flash_stm32.c.o
                0x08001464                FLASH_WaitForLastOperation
 *fill*         0x0800149a        0x2 
 .text.FLASH_ErasePage
                0x0800149c       0x44 EEPROM\flash_stm32.c.o
                0x0800149c                FLASH_ErasePage
 .text.FLASH_ProgramHalfWord
                0x080014e0       0x4c EEPROM\flash_stm32.c.o
                0x080014e0                FLASH_ProgramHalfWord
 .text.FLASH_Unlock
                0x0800152c       0x18 EEPROM\flash_stm32.c.o
                0x0800152c                FLASH_Unlock
 .text._ZN11EEPROMClass12EE_CheckPageEmt
                0x08001544       0x32 EEPROM\EEPROM.cpp.o
                0x08001544                EEPROMClass::EE_CheckPage(unsigned long, unsigned short)
 .text._ZN11EEPROMClass12EE_ErasePageEm
                0x08001576       0x3e EEPROM\EEPROM.cpp.o
                0x08001576                EEPROMClass::EE_ErasePage(unsigned long)
 .text._ZN11EEPROMClass17EE_CheckErasePageEmt
                0x080015b4       0x2a EEPROM\EEPROM.cpp.o
                0x080015b4                EEPROMClass::EE_CheckErasePage(unsigned long, unsigned short)
 .text._ZN11EEPROMClass16EE_FindValidPageEv
                0x080015de       0x2e EEPROM\EEPROM.cpp.o
                0x080015de                EEPROMClass::EE_FindValidPage()
 .text._ZN11EEPROMClass20EE_GetVariablesCountEmt
                0x0800160c       0x3a EEPROM\EEPROM.cpp.o
                0x0800160c                EEPROMClass::EE_GetVariablesCount(unsigned long, unsigned short)
 .text._ZN11EEPROMClass15EE_PageTransferEmmt
                0x08001646       0xa0 EEPROM\EEPROM.cpp.o
                0x08001646                EEPROMClass::EE_PageTransfer(unsigned long, unsigned long, unsigned short)
 .text._ZN11EEPROMClass30EE_VerifyPageFullWriteVariableEtt
                0x080016e6       0xe4 EEPROM\EEPROM.cpp.o
                0x080016e6                EEPROMClass::EE_VerifyPageFullWriteVariable(unsigned short, unsigned short)
 .text._ZN11EEPROMClass6formatEv
                0x080017ca       0x3e EEPROM\EEPROM.cpp.o
                0x080017ca                EEPROMClass::format()
 .text._ZN11EEPROMClass4initEv
                0x08001808       0xcc EEPROM\EEPROM.cpp.o
                0x08001808                EEPROMClass::init()
 .text._ZN11EEPROMClass4readEtPt
                0x080018d4       0x50 EEPROM\EEPROM.cpp.o
                0x080018d4                EEPROMClass::read(unsigned short, unsigned short*)
 .text._ZN11EEPROMClass4readEt
                0x08001924       0x14 EEPROM\EEPROM.cpp.o
                0x08001924                EEPROMClass::read(unsigned short)
 .text._ZN11EEPROMClass5writeEtt
                0x08001938       0x32 EEPROM\EEPROM.cpp.o
                0x08001938                EEPROMClass::write(unsigned short, unsigned short)
 .text._ZN11EEPROMClass6updateEtt
                0x0800196a       0x22 EEPROM\EEPROM.cpp.o
                0x0800196a                EEPROMClass::update(unsigned short, unsigned short)
 .text.startup._GLOBAL__sub_I__ZN11EEPROMClass12EE_CheckPageEmt
                0x0800198c       0x20 EEPROM\EEPROM.cpp.o
 .text._ZN12Adafruit_GFX9writeLineEsssst
                0x080019ac       0xc8 Adafruit-GFX-Library-master\Adafruit_GFX.cpp.o
                0x080019ac                Adafruit_GFX::writeLine(short, short, short, short, unsigned short)
 .text._ZN12Adafruit_GFX10startWriteEv
                0x08001a74        0x2 Adafruit-GFX-Library-master\Adafruit_GFX.cpp.o
                0x08001a74                Adafruit_GFX::startWrite()
 .text._ZN12Adafruit_GFX10writePixelEsst
                0x08001a76        0xa Adafruit-GFX-Library-master\Adafruit_GFX.cpp.o
                0x08001a76                Adafruit_GFX::writePixel(short, short, unsigned short)
 .text._ZN12Adafruit_GFX14writeFastVLineEssst
                0x08001a80       0x12 Adafruit-GFX-Library-master\Adafruit_GFX.cpp.o
                0x08001a80                Adafruit_GFX::writeFastVLine(short, short, short, unsigned short)
 .text._ZN12Adafruit_GFX14writeFastHLineEssst
                0x08001a92       0x12 Adafruit-GFX-Library-master\Adafruit_GFX.cpp.o
                0x08001a92                Adafruit_GFX::writeFastHLine(short, short, short, unsigned short)
 .text._ZN12Adafruit_GFX13writeFillRectEsssst
                0x08001aa4       0x18 Adafruit-GFX-Library-master\Adafruit_GFX.cpp.o
                0x08001aa4                Adafruit_GFX::writeFillRect(short, short, short, short, unsigned short)
 .text._ZN12Adafruit_GFX8endWriteEv
                0x08001abc        0x2 Adafruit-GFX-Library-master\Adafruit_GFX.cpp.o
                0x08001abc                Adafruit_GFX::endWrite()
 .text._ZN12Adafruit_GFX13drawFastVLineEssst
                0x08001abe       0x38 Adafruit-GFX-Library-master\Adafruit_GFX.cpp.o
                0x08001abe                Adafruit_GFX::drawFastVLine(short, short, short, unsigned short)
 .text._ZN12Adafruit_GFX13drawFastHLineEssst
                0x08001af6       0x36 Adafruit-GFX-Library-master\Adafruit_GFX.cpp.o
                0x08001af6                Adafruit_GFX::drawFastHLine(short, short, short, unsigned short)
 .text._ZN12Adafruit_GFX8fillRectEsssst
                0x08001b2c       0x48 Adafruit-GFX-Library-master\Adafruit_GFX.cpp.o
                0x08001b2c                Adafruit_GFX::fillRect(short, short, short, short, unsigned short)
 .text._ZN12Adafruit_GFX10fillScreenEt
                0x08001b74       0x1c Adafruit-GFX-Library-master\Adafruit_GFX.cpp.o
                0x08001b74                Adafruit_GFX::fillScreen(unsigned short)
 .text._ZN12Adafruit_GFX8drawLineEsssst
                0x08001b90       0x7c Adafruit-GFX-Library-master\Adafruit_GFX.cpp.o
                0x08001b90                Adafruit_GFX::drawLine(short, short, short, short, unsigned short)
 .text._ZN12Adafruit_GFX8drawRectEsssst
                0x08001c0c       0x7c Adafruit-GFX-Library-master\Adafruit_GFX.cpp.o
                0x08001c0c                Adafruit_GFX::drawRect(short, short, short, short, unsigned short)
 .text._ZN12Adafruit_GFX13invertDisplayEb
                0x08001c88        0x2 Adafruit-GFX-Library-master\Adafruit_GFX.cpp.o
                0x08001c88                Adafruit_GFX::invertDisplay(bool)
 .text._ZN12Adafruit_GFX11setRotationEh
                0x08001c8a       0x1e Adafruit-GFX-Library-master\Adafruit_GFX.cpp.o
                0x08001c8a                Adafruit_GFX::setRotation(unsigned char)
 .text._ZN12Adafruit_GFXC2Ess
                0x08001ca8       0x34 Adafruit-GFX-Library-master\Adafruit_GFX.cpp.o
                0x08001ca8                Adafruit_GFX::Adafruit_GFX(short, short)
                0x08001ca8                Adafruit_GFX::Adafruit_GFX(short, short)
 .text._ZN12Adafruit_GFX10drawBitmapEssPKhsst
                0x08001cdc       0x98 Adafruit-GFX-Library-master\Adafruit_GFX.cpp.o
                0x08001cdc                Adafruit_GFX::drawBitmap(short, short, unsigned char const*, short, short, unsigned short)
 .text._ZN12Adafruit_GFX8drawCharEsshtthh
                0x08001d74      0x2c0 Adafruit-GFX-Library-master\Adafruit_GFX.cpp.o
                0x08001d74                Adafruit_GFX::drawChar(short, short, unsigned char, unsigned short, unsigned short, unsigned char, unsigned char)
 .text._ZN12Adafruit_GFX5writeEh
                0x08002034      0x102 Adafruit-GFX-Library-master\Adafruit_GFX.cpp.o
                0x08002034                Adafruit_GFX::write(unsigned char)
 .text._ZN12Adafruit_GFX11setTextSizeEhh
                0x08002136       0x12 Adafruit-GFX-Library-master\Adafruit_GFX.cpp.o
                0x08002136                Adafruit_GFX::setTextSize(unsigned char, unsigned char)
 .text._ZN12Adafruit_GFX11setTextSizeEh
                0x08002148        0x6 Adafruit-GFX-Library-master\Adafruit_GFX.cpp.o
                0x08002148                Adafruit_GFX::setTextSize(unsigned char)
 *fill*         0x0800214e        0x2 
 .text._ZN16Adafruit_SSD130613drawFastHLineEssst
                0x08002150      0x1e0 Adafruit_SSD1306\Adafruit_SSD1306_STM32.cpp.o
                0x08002150                Adafruit_SSD1306::drawFastHLine(short, short, short, unsigned short)
 .text._ZN16Adafruit_SSD130613drawFastVLineEssst
                0x08002330      0x1dc Adafruit_SSD1306\Adafruit_SSD1306_STM32.cpp.o
                0x08002330                Adafruit_SSD1306::drawFastVLine(short, short, short, unsigned short)
 .text._ZN16Adafruit_SSD13069drawPixelEsst
                0x0800250c       0xc0 Adafruit_SSD1306\Adafruit_SSD1306_STM32.cpp.o
                0x0800250c                Adafruit_SSD1306::drawPixel(short, short, unsigned short)
 .text._ZN16Adafruit_SSD1306C2Ea
                0x080025cc       0x30 Adafruit_SSD1306\Adafruit_SSD1306_STM32.cpp.o
                0x080025cc                Adafruit_SSD1306::Adafruit_SSD1306(signed char)
                0x080025cc                Adafruit_SSD1306::Adafruit_SSD1306(signed char)
 .text._ZN16Adafruit_SSD130612clearDisplayEv
                0x080025fc       0x10 Adafruit_SSD1306\Adafruit_SSD1306_STM32.cpp.o
                0x080025fc                Adafruit_SSD1306::clearDisplay()
 .text._ZN16Adafruit_SSD130612fastSPIwriteEh
                0x0800260c       0x50 Adafruit_SSD1306\Adafruit_SSD1306_STM32.cpp.o
                0x0800260c                Adafruit_SSD1306::fastSPIwrite(unsigned char)
 .text._ZN16Adafruit_SSD130615ssd1306_commandEh
                0x0800265c       0x68 Adafruit_SSD1306\Adafruit_SSD1306_STM32.cpp.o
                0x0800265c                Adafruit_SSD1306::ssd1306_command(unsigned char)
 .text._ZN16Adafruit_SSD13067displayEv
                0x080026c4       0xbc Adafruit_SSD1306\Adafruit_SSD1306_STM32.cpp.o
                0x080026c4                Adafruit_SSD1306::display()
 .text._ZN16Adafruit_SSD13065beginEhhb
                0x08002780      0x1f0 Adafruit_SSD1306\Adafruit_SSD1306_STM32.cpp.o
                0x08002780                Adafruit_SSD1306::begin(unsigned char, unsigned char, bool)
 .text._ZL11disable_pwmPK14stm32_pin_info
                0x08002970       0x10 SPI\SPI.cpp.o
 .text._ZL15dev_to_spi_pinsP7spi_dev.isra.8
                0x08002980       0x1c SPI\SPI.cpp.o
 .text._ZL15configure_gpiosP7spi_devb
                0x0800299c       0x84 SPI\SPI.cpp.o
 .text._ZL19determine_baud_rateP7spi_devm.isra.9
                0x08002a20       0x3c SPI\SPI.cpp.o
 .text._ZN8SPIClassC2Em
                0x08002a5c       0xa8 SPI\SPI.cpp.o
                0x08002a5c                SPIClass::SPIClass(unsigned long)
                0x08002a5c                SPIClass::SPIClass(unsigned long)
 .text._ZN8SPIClass14updateSettingsEv
                0x08002b04       0x24 SPI\SPI.cpp.o
                0x08002b04                SPIClass::updateSettings()
 .text._ZN8SPIClass5beginEv
                0x08002b28       0x24 SPI\SPI.cpp.o
                0x08002b28                SPIClass::begin()
 .text._ZN8SPIClass15setClockDividerEm
                0x08002b4c       0x18 SPI\SPI.cpp.o
                0x08002b4c                SPIClass::setClockDivider(unsigned long)
 .text._ZNK8SPIClass8transferEh
                0x08002b64       0x1c SPI\SPI.cpp.o
                0x08002b64                SPIClass::transfer(unsigned char) const
 .text.startup._GLOBAL__sub_I__ZN8SPIClassC2Em
                0x08002b80        0xc SPI\SPI.cpp.o
 .text._Z9boardInitv
                0x08002b8c        0x2 C:\Users\evrichon\AppData\Local\Temp\VMBCore\arduino16x\e5e90edf64ad75469db171401044759f\variant\board.cpp.o
                0x08002b8c                boardInit()
 *fill*         0x08002b8e        0x2 
 .text.startup._GLOBAL__sub_I__Z9boardInitv
                0x08002b90       0x48 C:\Users\evrichon\AppData\Local\Temp\VMBCore\arduino16x\e5e90edf64ad75469db171401044759f\variant\board.cpp.o
 .text._ZL18adc_default_configP7adc_dev
                0x08002bd8       0x1c C:\Users\evrichon\AppData\Local\Temp\VMBCore\arduino16x\e5e90edf64ad75469db171401044759f\variant\boards.cpp.o
 .text._ZL20timer_default_configP9timer_dev
                0x08002bf4       0x9e C:\Users\evrichon\AppData\Local\Temp\VMBCore\arduino16x\e5e90edf64ad75469db171401044759f\variant\boards.cpp.o
 *fill*         0x08002c92        0x2 
 .text._Z4initv
                0x08002c94       0xbc C:\Users\evrichon\AppData\Local\Temp\VMBCore\arduino16x\e5e90edf64ad75469db171401044759f\variant\boards.cpp.o
                0x08002c94                init()
 .text._ZN6wirish4priv15board_reset_pllEv
                0x08002d50        0x2 C:\Users\evrichon\AppData\Local\Temp\VMBCore\arduino16x\e5e90edf64ad75469db171401044759f\variant\boards_setup.cpp.o
                0x08002d50                wirish::priv::board_reset_pll()
 .text._ZN6wirish4priv28board_setup_clock_prescalersEv
                0x08002d52       0x2e C:\Users\evrichon\AppData\Local\Temp\VMBCore\arduino16x\e5e90edf64ad75469db171401044759f\variant\boards_setup.cpp.o
                0x08002d52                wirish::priv::board_setup_clock_prescalers()
 .text._ZN6wirish4priv16board_setup_gpioEv
                0x08002d80        0x4 C:\Users\evrichon\AppData\Local\Temp\VMBCore\arduino16x\e5e90edf64ad75469db171401044759f\variant\boards_setup.cpp.o
                0x08002d80                wirish::priv::board_setup_gpio()
 .text._ZN6wirish4priv15board_setup_usbEv
                0x08002d84        0x2 C:\Users\evrichon\AppData\Local\Temp\VMBCore\arduino16x\e5e90edf64ad75469db171401044759f\variant\boards_setup.cpp.o
                0x08002d84                wirish::priv::board_setup_usb()
 .text._ZN6wirish4priv11series_initEv
                0x08002d86        0x4 C:\Users\evrichon\AppData\Local\Temp\VMBCore\arduino16x\e5e90edf64ad75469db171401044759f\variant\boards_setup.cpp.o
                0x08002d86                wirish::priv::series_init()
 *fill*         0x08002d8a        0x2 
 .text          0x08002d8c       0x10 C:\Users\evrichon\AppData\Local\Temp\VMBCore\arduino16x\e5e90edf64ad75469db171401044759f\variant\start.S.o
                0x08002d8c                __start__
 .text.start_c  0x08002d9c       0x64 C:\Users\evrichon\AppData\Local\Temp\VMBCore\arduino16x\e5e90edf64ad75469db171401044759f\variant\start_c.c.o
                0x08002d9c                start_c
 .text._sbrk    0x08002e00       0x44 C:\Users\evrichon\AppData\Local\Temp\VMBCore\arduino16x\e5e90edf64ad75469db171401044759f\variant\syscalls.c.o
                0x08002e00                _sbrk
 .text._exit    0x08002e44        0x2 C:\Users\evrichon\AppData\Local\Temp\VMBCore\arduino16x\e5e90edf64ad75469db171401044759f\variant\syscalls.c.o
                0x08002e44                _exit
 *fill*         0x08002e46        0xa 
 .text          0x08002e50       0x60 C:\Users\evrichon\AppData\Local\Temp\VMBuilds\SmartCafe\stm32duino_genericSTM32F103C\Release\core.a(exc.S.o)
                0x08002e50                __exc_nmi
                0x08002e54                __exc_hardfault
                0x08002e58                __exc_memmanage
                0x08002e5c                __exc_busfault
                0x08002e60                __exc_usagefault
 .text          0x08002eb0        0x2 C:\Users\evrichon\AppData\Local\Temp\VMBuilds\SmartCafe\stm32duino_genericSTM32F103C\Release\core.a(isrs.S.o)
                0x08002eb0                __stm32reservedexception9
                0x08002eb0                __exc_debug_monitor
                0x08002eb0                __exc_svc
                0x08002eb0                __irq_can_rx1
                0x08002eb0                __irq_spi2
                0x08002eb0                __irq_can_sce
                0x08002eb0                __irq_pvd
                0x08002eb0                __irq_tamper
                0x08002eb0                __default_handler
                0x08002eb0                __irq_wwdg
                0x08002eb0                __stm32reservedexception10
                0x08002eb0                __irq_flash
                0x08002eb0                __stm32reservedexception13
                0x08002eb0                __irq_rtc
                0x08002eb0                __irq_spi1
                0x08002eb0                __stm32reservedexception7
                0x08002eb0                __irq_usb_hp_can_tx
                0x08002eb0                __irq_rtcalarm
                0x08002eb0                __stm32reservedexception8
                0x08002eb0                __exc_pendsv
                0x08002eb0                __irq_usbwakeup
                0x08002eb0                __irq_rcc
 .text.adc_init
                0x08002eb2       0x14 C:\Users\evrichon\AppData\Local\Temp\VMBuilds\SmartCafe\stm32duino_genericSTM32F103C\Release\core.a(adc.c.o)
                0x08002eb2                adc_init
 .text.adc_set_extsel
                0x08002ec6       0x12 C:\Users\evrichon\AppData\Local\Temp\VMBuilds\SmartCafe\stm32duino_genericSTM32F103C\Release\core.a(adc.c.o)
                0x08002ec6                adc_set_extsel
 .text.adc_set_sample_rate
                0x08002ed8       0x30 C:\Users\evrichon\AppData\Local\Temp\VMBuilds\SmartCafe\stm32duino_genericSTM32F103C\Release\core.a(adc.c.o)
                0x08002ed8                adc_set_sample_rate
 .text.__irq_adc
                0x08002f08       0x50 C:\Users\evrichon\AppData\Local\Temp\VMBuilds\SmartCafe\stm32duino_genericSTM32F103C\Release\core.a(adc_f1.c.o)
                0x08002f08                __irq_adc
 .text.adc_calibrate
                0x08002f58       0x24 C:\Users\evrichon\AppData\Local\Temp\VMBuilds\SmartCafe\stm32duino_genericSTM32F103C\Release\core.a(adc_f1.c.o)
                0x08002f58                adc_calibrate
 .text.adc_set_prescaler
                0x08002f7c        0x8 C:\Users\evrichon\AppData\Local\Temp\VMBuilds\SmartCafe\stm32duino_genericSTM32F103C\Release\core.a(adc_f1.c.o)
                0x08002f7c                adc_set_prescaler
 .text.adc_foreach
                0x08002f84       0x1c C:\Users\evrichon\AppData\Local\Temp\VMBuilds\SmartCafe\stm32duino_genericSTM32F103C\Release\core.a(adc_f1.c.o)
                0x08002f84                adc_foreach
 .text.adc_enable_single_swstart
                0x08002fa0       0x36 C:\Users\evrichon\AppData\Local\Temp\VMBuilds\SmartCafe\stm32duino_genericSTM32F103C\Release\core.a(adc_f1.c.o)
                0x08002fa0                adc_enable_single_swstart
 *fill*         0x08002fd6        0x2 
 .text.__irq_dma1_channel1
                0x08002fd8       0x18 C:\Users\evrichon\AppData\Local\Temp\VMBuilds\SmartCafe\stm32duino_genericSTM32F103C\Release\core.a(dma_f1.c.o)
                0x08002fd8                __irq_dma1_channel1
 .text.__irq_dma1_channel2
                0x08002ff0       0x18 C:\Users\evrichon\AppData\Local\Temp\VMBuilds\SmartCafe\stm32duino_genericSTM32F103C\Release\core.a(dma_f1.c.o)
                0x08002ff0                __irq_dma1_channel2
 .text.__irq_dma1_channel3
                0x08003008       0x1c C:\Users\evrichon\AppData\Local\Temp\VMBuilds\SmartCafe\stm32duino_genericSTM32F103C\Release\core.a(dma_f1.c.o)
                0x08003008                __irq_dma1_channel3
 .text.__irq_dma1_channel4
                0x08003024       0x1c C:\Users\evrichon\AppData\Local\Temp\VMBuilds\SmartCafe\stm32duino_genericSTM32F103C\Release\core.a(dma_f1.c.o)
                0x08003024                __irq_dma1_channel4
 .text.__irq_dma1_channel5
                0x08003040       0x1c C:\Users\evrichon\AppData\Local\Temp\VMBuilds\SmartCafe\stm32duino_genericSTM32F103C\Release\core.a(dma_f1.c.o)
                0x08003040                __irq_dma1_channel5
 .text.__irq_dma1_channel6
                0x0800305c       0x1c C:\Users\evrichon\AppData\Local\Temp\VMBuilds\SmartCafe\stm32duino_genericSTM32F103C\Release\core.a(dma_f1.c.o)
                0x0800305c                __irq_dma1_channel6
 .text.__irq_dma1_channel7
                0x08003078       0x1c C:\Users\evrichon\AppData\Local\Temp\VMBuilds\SmartCafe\stm32duino_genericSTM32F103C\Release\core.a(dma_f1.c.o)
                0x08003078                __irq_dma1_channel7
 .text.__irq_exti0
                0x08003094       0x20 C:\Users\evrichon\AppData\Local\Temp\VMBuilds\SmartCafe\stm32duino_genericSTM32F103C\Release\core.a(exti.c.o)
                0x08003094                __irq_exti0
 .text.__irq_exti1
                0x080030b4       0x20 C:\Users\evrichon\AppData\Local\Temp\VMBuilds\SmartCafe\stm32duino_genericSTM32F103C\Release\core.a(exti.c.o)
                0x080030b4                __irq_exti1
 .text.__irq_exti2
                0x080030d4       0x20 C:\Users\evrichon\AppData\Local\Temp\VMBuilds\SmartCafe\stm32duino_genericSTM32F103C\Release\core.a(exti.c.o)
                0x080030d4                __irq_exti2
 .text.__irq_exti3
                0x080030f4       0x20 C:\Users\evrichon\AppData\Local\Temp\VMBuilds\SmartCafe\stm32duino_genericSTM32F103C\Release\core.a(exti.c.o)
                0x080030f4                __irq_exti3
 .text.__irq_exti4
                0x08003114       0x20 C:\Users\evrichon\AppData\Local\Temp\VMBuilds\SmartCafe\stm32duino_genericSTM32F103C\Release\core.a(exti.c.o)
                0x08003114                __irq_exti4
 .text.__irq_exti9_5
                0x08003134       0x44 C:\Users\evrichon\AppData\Local\Temp\VMBuilds\SmartCafe\stm32duino_genericSTM32F103C\Release\core.a(exti.c.o)
                0x08003134                __irq_exti9_5
 .text.__irq_exti15_10
                0x08003178       0x44 C:\Users\evrichon\AppData\Local\Temp\VMBuilds\SmartCafe\stm32duino_genericSTM32F103C\Release\core.a(exti.c.o)
                0x08003178                __irq_exti15_10
 .text.flash_set_latency
                0x080031bc       0x14 C:\Users\evrichon\AppData\Local\Temp\VMBuilds\SmartCafe\stm32duino_genericSTM32F103C\Release\core.a(flash.c.o)
                0x080031bc                flash_set_latency
 .text.gpio_init_all
                0x080031d0       0x30 C:\Users\evrichon\AppData\Local\Temp\VMBuilds\SmartCafe\stm32duino_genericSTM32F103C\Release\core.a(gpio_f1.c.o)
                0x080031d0                gpio_init_all
 .text.gpio_set_mode
                0x08003200       0x50 C:\Users\evrichon\AppData\Local\Temp\VMBuilds\SmartCafe\stm32duino_genericSTM32F103C\Release\core.a(gpio_f1.c.o)
                0x08003200                gpio_set_mode
 .text.afio_init
                0x08003250       0x12 C:\Users\evrichon\AppData\Local\Temp\VMBuilds\SmartCafe\stm32duino_genericSTM32F103C\Release\core.a(gpio_f1.c.o)
                0x08003250                afio_init
 *fill*         0x08003262        0x2 
 .text.afio_remap
                0x08003264       0x20 C:\Users\evrichon\AppData\Local\Temp\VMBuilds\SmartCafe\stm32duino_genericSTM32F103C\Release\core.a(gpio_f1.c.o)
                0x08003264                afio_remap
 .text.i2c_start_condition
                0x08003284       0x14 C:\Users\evrichon\AppData\Local\Temp\VMBuilds\SmartCafe\stm32duino_genericSTM32F103C\Release\core.a(i2c.c.o)
 .text.i2c_stop_condition
                0x08003298       0x1c C:\Users\evrichon\AppData\Local\Temp\VMBuilds\SmartCafe\stm32duino_genericSTM32F103C\Release\core.a(i2c.c.o)
 .text.delay_us.part.0.constprop.6
                0x080032b4        0xa C:\Users\evrichon\AppData\Local\Temp\VMBuilds\SmartCafe\stm32duino_genericSTM32F103C\Release\core.a(i2c.c.o)
 .text.i2c_bus_reset
                0x080032be       0xb2 C:\Users\evrichon\AppData\Local\Temp\VMBuilds\SmartCafe\stm32duino_genericSTM32F103C\Release\core.a(i2c.c.o)
                0x080032be                i2c_bus_reset
 .text.i2c_init
                0x08003370       0x18 C:\Users\evrichon\AppData\Local\Temp\VMBuilds\SmartCafe\stm32duino_genericSTM32F103C\Release\core.a(i2c.c.o)
                0x08003370                i2c_init
 .text.i2c_master_enable
                0x08003388       0xe0 C:\Users\evrichon\AppData\Local\Temp\VMBuilds\SmartCafe\stm32duino_genericSTM32F103C\Release\core.a(i2c.c.o)
                0x08003388                i2c_master_enable
 .text.i2c_master_xfer
                0x08003468       0x5c C:\Users\evrichon\AppData\Local\Temp\VMBuilds\SmartCafe\stm32duino_genericSTM32F103C\Release\core.a(i2c.c.o)
                0x08003468                i2c_master_xfer
 .text._i2c_irq_handler
                0x080034c4      0x16c C:\Users\evrichon\AppData\Local\Temp\VMBuilds\SmartCafe\stm32duino_genericSTM32F103C\Release\core.a(i2c.c.o)
                0x080034c4                _i2c_irq_handler
 .text._i2c_irq_error_handler
                0x08003630       0x2a C:\Users\evrichon\AppData\Local\Temp\VMBuilds\SmartCafe\stm32duino_genericSTM32F103C\Release\core.a(i2c.c.o)
                0x08003630                _i2c_irq_error_handler
 .text.i2c_config_gpios
                0x0800365a       0x58 C:\Users\evrichon\AppData\Local\Temp\VMBuilds\SmartCafe\stm32duino_genericSTM32F103C\Release\core.a(i2c_f1.c.o)
                0x0800365a                i2c_config_gpios
 .text.i2c_master_release_bus
                0x080036b2       0x4c C:\Users\evrichon\AppData\Local\Temp\VMBuilds\SmartCafe\stm32duino_genericSTM32F103C\Release\core.a(i2c_f1.c.o)
                0x080036b2                i2c_master_release_bus
 *fill*         0x080036fe        0x2 
 .text.__irq_i2c1_ev
                0x08003700        0xc C:\Users\evrichon\AppData\Local\Temp\VMBuilds\SmartCafe\stm32duino_genericSTM32F103C\Release\core.a(i2c_f1.c.o)
                0x08003700                __irq_i2c1_ev
 .text.__irq_i2c2_ev
                0x0800370c        0xc C:\Users\evrichon\AppData\Local\Temp\VMBuilds\SmartCafe\stm32duino_genericSTM32F103C\Release\core.a(i2c_f1.c.o)
                0x0800370c                __irq_i2c2_ev
 .text.__irq_i2c1_er
                0x08003718        0xc C:\Users\evrichon\AppData\Local\Temp\VMBuilds\SmartCafe\stm32duino_genericSTM32F103C\Release\core.a(i2c_f1.c.o)
                0x08003718                __irq_i2c1_er
 .text.__irq_i2c2_er
                0x08003724        0xc C:\Users\evrichon\AppData\Local\Temp\VMBuilds\SmartCafe\stm32duino_genericSTM32F103C\Release\core.a(i2c_f1.c.o)
                0x08003724                __irq_i2c2_er
 .text._i2c_irq_priority_fixup
                0x08003730       0x1c C:\Users\evrichon\AppData\Local\Temp\VMBuilds\SmartCafe\stm32duino_genericSTM32F103C\Release\core.a(i2c_f1.c.o)
                0x08003730                _i2c_irq_priority_fixup
 .text.nvic_irq_set_priority
                0x0800374c       0x28 C:\Users\evrichon\AppData\Local\Temp\VMBuilds\SmartCafe\stm32duino_genericSTM32F103C\Release\core.a(nvic.c.o)
                0x0800374c                nvic_irq_set_priority
 .text.nvic_init
                0x08003774       0x30 C:\Users\evrichon\AppData\Local\Temp\VMBuilds\SmartCafe\stm32duino_genericSTM32F103C\Release\core.a(nvic.c.o)
                0x08003774                nvic_init
 .text.rcc_dev_clk
                0x080037a4        0xc C:\Users\evrichon\AppData\Local\Temp\VMBuilds\SmartCafe\stm32duino_genericSTM32F103C\Release\core.a(rcc.c.o)
                0x080037a4                rcc_dev_clk
 .text.rcc_switch_sysclk
                0x080037b0       0x20 C:\Users\evrichon\AppData\Local\Temp\VMBuilds\SmartCafe\stm32duino_genericSTM32F103C\Release\core.a(rcc.c.o)
                0x080037b0                rcc_switch_sysclk
 .text.rcc_turn_on_clk
                0x080037d0       0x1a C:\Users\evrichon\AppData\Local\Temp\VMBuilds\SmartCafe\stm32duino_genericSTM32F103C\Release\core.a(rcc.c.o)
                0x080037d0                rcc_turn_on_clk
 .text.rcc_turn_off_clk
                0x080037ea       0x1c C:\Users\evrichon\AppData\Local\Temp\VMBuilds\SmartCafe\stm32duino_genericSTM32F103C\Release\core.a(rcc.c.o)
                0x080037ea                rcc_turn_off_clk
 .text.rcc_is_clk_ready
                0x08003806       0x18 C:\Users\evrichon\AppData\Local\Temp\VMBuilds\SmartCafe\stm32duino_genericSTM32F103C\Release\core.a(rcc.c.o)
                0x08003806                rcc_is_clk_ready
 *fill*         0x0800381e        0x2 
 .text.rcc_configure_pll
                0x08003820       0x18 C:\Users\evrichon\AppData\Local\Temp\VMBuilds\SmartCafe\stm32duino_genericSTM32F103C\Release\core.a(rcc_f1.c.o)
                0x08003820                rcc_configure_pll
 .text.rcc_clk_enable
                0x08003838       0x30 C:\Users\evrichon\AppData\Local\Temp\VMBuilds\SmartCafe\stm32duino_genericSTM32F103C\Release\core.a(rcc_f1.c.o)
                0x08003838                rcc_clk_enable
 .text.rcc_reset_dev
                0x08003868       0x34 C:\Users\evrichon\AppData\Local\Temp\VMBuilds\SmartCafe\stm32duino_genericSTM32F103C\Release\core.a(rcc_f1.c.o)
                0x08003868                rcc_reset_dev
 .text.rcc_set_prescaler
                0x0800389c       0x20 C:\Users\evrichon\AppData\Local\Temp\VMBuilds\SmartCafe\stm32duino_genericSTM32F103C\Release\core.a(rcc_f1.c.o)
                0x0800389c                rcc_set_prescaler
 .text.rcc_clk_disable
                0x080038bc       0x30 C:\Users\evrichon\AppData\Local\Temp\VMBuilds\SmartCafe\stm32duino_genericSTM32F103C\Release\core.a(rcc_f1.c.o)
                0x080038bc                rcc_clk_disable
 .text.bb_peri_set_bit
                0x080038ec        0xe C:\Users\evrichon\AppData\Local\Temp\VMBuilds\SmartCafe\stm32duino_genericSTM32F103C\Release\core.a(spi.c.o)
 .text.spi_init
                0x080038fa       0x14 C:\Users\evrichon\AppData\Local\Temp\VMBuilds\SmartCafe\stm32duino_genericSTM32F103C\Release\core.a(spi.c.o)
                0x080038fa                spi_init
 .text.spi_peripheral_enable
                0x0800390e        0xa C:\Users\evrichon\AppData\Local\Temp\VMBuilds\SmartCafe\stm32duino_genericSTM32F103C\Release\core.a(spi.c.o)
                0x0800390e                spi_peripheral_enable
 .text.spi_peripheral_disable
                0x08003918        0xa C:\Users\evrichon\AppData\Local\Temp\VMBuilds\SmartCafe\stm32duino_genericSTM32F103C\Release\core.a(spi.c.o)
                0x08003918                spi_peripheral_disable
 .text.spi_reconfigure
                0x08003922       0x2c C:\Users\evrichon\AppData\Local\Temp\VMBuilds\SmartCafe\stm32duino_genericSTM32F103C\Release\core.a(spi.c.o)
 .text.spi_master_enable
                0x0800394e        0xc C:\Users\evrichon\AppData\Local\Temp\VMBuilds\SmartCafe\stm32duino_genericSTM32F103C\Release\core.a(spi.c.o)
                0x0800394e                spi_master_enable
 .text.spi_config_gpios
                0x0800395a       0x5a C:\Users\evrichon\AppData\Local\Temp\VMBuilds\SmartCafe\stm32duino_genericSTM32F103C\Release\core.a(spi_f1.c.o)
                0x0800395a                spi_config_gpios
 .text.systick_init
                0x080039b4       0x10 C:\Users\evrichon\AppData\Local\Temp\VMBuilds\SmartCafe\stm32duino_genericSTM32F103C\Release\core.a(systick.c.o)
                0x080039b4                systick_init
 .text.__exc_systick
                0x080039c4       0x1c C:\Users\evrichon\AppData\Local\Temp\VMBuilds\SmartCafe\stm32duino_genericSTM32F103C\Release\core.a(systick.c.o)
                0x080039c4                __exc_systick
 .text.timer_oc_set_mode
                0x080039e0       0x3a C:\Users\evrichon\AppData\Local\Temp\VMBuilds\SmartCafe\stm32duino_genericSTM32F103C\Release\core.a(timer.c.o)
 .text.timer_cc_enable
                0x08003a1a       0x1c C:\Users\evrichon\AppData\Local\Temp\VMBuilds\SmartCafe\stm32duino_genericSTM32F103C\Release\core.a(timer.c.o)
 *fill*         0x08003a36        0x2 
 .text.timer_foreach
                0x08003a38       0x28 C:\Users\evrichon\AppData\Local\Temp\VMBuilds\SmartCafe\stm32duino_genericSTM32F103C\Release\core.a(timer.c.o)
                0x08003a38                timer_foreach
 .text.timer_init
                0x08003a60       0x14 C:\Users\evrichon\AppData\Local\Temp\VMBuilds\SmartCafe\stm32duino_genericSTM32F103C\Release\core.a(timer.c.o)
                0x08003a60                timer_init
 .text.timer_has_cc_channel
                0x08003a74       0x30 C:\Users\evrichon\AppData\Local\Temp\VMBuilds\SmartCafe\stm32duino_genericSTM32F103C\Release\core.a(timer.c.o)
                0x08003a74                timer_has_cc_channel
 .text.timer_detach_interrupt
                0x08003aa4       0x1e C:\Users\evrichon\AppData\Local\Temp\VMBuilds\SmartCafe\stm32duino_genericSTM32F103C\Release\core.a(timer.c.o)
                0x08003aa4                timer_detach_interrupt
 .text.input_capture_mode
                0x08003ac2       0x1a C:\Users\evrichon\AppData\Local\Temp\VMBuilds\SmartCafe\stm32duino_genericSTM32F103C\Release\core.a(timer.c.o)
                0x08003ac2                input_capture_mode
 .text.timer_set_mode
                0x08003adc       0x8c C:\Users\evrichon\AppData\Local\Temp\VMBuilds\SmartCafe\stm32duino_genericSTM32F103C\Release\core.a(timer.c.o)
                0x08003adc                timer_set_mode
 .text.__irq_tim1_brk
                0x08003b68       0x24 C:\Users\evrichon\AppData\Local\Temp\VMBuilds\SmartCafe\stm32duino_genericSTM32F103C\Release\core.a(timer.c.o)
                0x08003b68                __irq_tim1_brk
 .text.__irq_tim1_up
                0x08003b8c       0x24 C:\Users\evrichon\AppData\Local\Temp\VMBuilds\SmartCafe\stm32duino_genericSTM32F103C\Release\core.a(timer.c.o)
                0x08003b8c                __irq_tim1_up
 .text.__irq_tim1_trg_com
                0x08003bb0       0x38 C:\Users\evrichon\AppData\Local\Temp\VMBuilds\SmartCafe\stm32duino_genericSTM32F103C\Release\core.a(timer.c.o)
                0x08003bb0                __irq_tim1_trg_com
 .text.__irq_tim1_cc
                0x08003be8       0x54 C:\Users\evrichon\AppData\Local\Temp\VMBuilds\SmartCafe\stm32duino_genericSTM32F103C\Release\core.a(timer.c.o)
                0x08003be8                __irq_tim1_cc
 .text.__irq_tim2
                0x08003c3c       0x70 C:\Users\evrichon\AppData\Local\Temp\VMBuilds\SmartCafe\stm32duino_genericSTM32F103C\Release\core.a(timer.c.o)
                0x08003c3c                __irq_tim2
 .text.__irq_tim3
                0x08003cac       0x70 C:\Users\evrichon\AppData\Local\Temp\VMBuilds\SmartCafe\stm32duino_genericSTM32F103C\Release\core.a(timer.c.o)
                0x08003cac                __irq_tim3
 .text.__irq_tim4
                0x08003d1c       0x70 C:\Users\evrichon\AppData\Local\Temp\VMBuilds\SmartCafe\stm32duino_genericSTM32F103C\Release\core.a(timer.c.o)
                0x08003d1c                __irq_tim4
 .text.rb_remove
                0x08003d8c       0x24 C:\Users\evrichon\AppData\Local\Temp\VMBuilds\SmartCafe\stm32duino_genericSTM32F103C\Release\core.a(usart_f1.c.o)
 .text.rb_push_insert
                0x08003db0       0x52 C:\Users\evrichon\AppData\Local\Temp\VMBuilds\SmartCafe\stm32duino_genericSTM32F103C\Release\core.a(usart_f1.c.o)
 .text.usart_config_gpios_async
                0x08003e02       0x4a C:\Users\evrichon\AppData\Local\Temp\VMBuilds\SmartCafe\stm32duino_genericSTM32F103C\Release\core.a(usart_f1.c.o)
                0x08003e02                usart_config_gpios_async
 .text.usart_set_baud_rate
                0x08003e4c       0x3c C:\Users\evrichon\AppData\Local\Temp\VMBuilds\SmartCafe\stm32duino_genericSTM32F103C\Release\core.a(usart_f1.c.o)
                0x08003e4c                usart_set_baud_rate
 .text.__irq_usart1
                0x08003e88       0x54 C:\Users\evrichon\AppData\Local\Temp\VMBuilds\SmartCafe\stm32duino_genericSTM32F103C\Release\core.a(usart_f1.c.o)
                0x08003e88                __irq_usart1
 .text.__irq_usart2
                0x08003edc       0x54 C:\Users\evrichon\AppData\Local\Temp\VMBuilds\SmartCafe\stm32duino_genericSTM32F103C\Release\core.a(usart_f1.c.o)
                0x08003edc                __irq_usart2
 .text.__irq_usart3
                0x08003f30       0x54 C:\Users\evrichon\AppData\Local\Temp\VMBuilds\SmartCafe\stm32duino_genericSTM32F103C\Release\core.a(usart_f1.c.o)
                0x08003f30                __irq_usart3
 .text._usart_clock_freq
                0x08003f84       0x24 C:\Users\evrichon\AppData\Local\Temp\VMBuilds\SmartCafe\stm32duino_genericSTM32F103C\Release\core.a(usart_private.c.o)
                0x08003f84                _usart_clock_freq
 .text.throb    0x08003fa8       0x4c C:\Users\evrichon\AppData\Local\Temp\VMBuilds\SmartCafe\stm32duino_genericSTM32F103C\Release\core.a(util.c.o)
                0x08003fa8                throb
 .text.__error  0x08003ff4       0x14 C:\Users\evrichon\AppData\Local\Temp\VMBuilds\SmartCafe\stm32duino_genericSTM32F103C\Release\core.a(util.c.o)
                0x08003ff4                __error
 .text.usb_resume
                0x08004008       0xb4 C:\Users\evrichon\AppData\Local\Temp\VMBuilds\SmartCafe\stm32duino_genericSTM32F103C\Release\core.a(usb.c.o)
 .text.__irq_usb_lp_can_rx0
                0x080040bc      0x1c8 C:\Users\evrichon\AppData\Local\Temp\VMBuilds\SmartCafe\stm32duino_genericSTM32F103C\Release\core.a(usb.c.o)
                0x080040bc                __irq_usb_lp_can_rx0
 .text.usb_set_ep_rx_stat
                0x08004284       0x22 C:\Users\evrichon\AppData\Local\Temp\VMBuilds\SmartCafe\stm32duino_genericSTM32F103C\Release\core.a(usb_cdcacm.c.o)
 *fill*         0x080042a6        0x2 
 .text.vcomGetSetLineCoding
                0x080042a8       0x18 C:\Users\evrichon\AppData\Local\Temp\VMBuilds\SmartCafe\stm32duino_genericSTM32F103C\Release\core.a(usb_cdcacm.c.o)
 .text.usbDataSetup
                0x080042c0       0x54 C:\Users\evrichon\AppData\Local\Temp\VMBuilds\SmartCafe\stm32duino_genericSTM32F103C\Release\core.a(usb_cdcacm.c.o)
 .text.usbNoDataSetup
                0x08004314       0x50 C:\Users\evrichon\AppData\Local\Temp\VMBuilds\SmartCafe\stm32duino_genericSTM32F103C\Release\core.a(usb_cdcacm.c.o)
 .text.usbGetInterfaceSetting
                0x08004364       0x10 C:\Users\evrichon\AppData\Local\Temp\VMBuilds\SmartCafe\stm32duino_genericSTM32F103C\Release\core.a(usb_cdcacm.c.o)
 .text.usbGetStringDescriptor
                0x08004374       0x20 C:\Users\evrichon\AppData\Local\Temp\VMBuilds\SmartCafe\stm32duino_genericSTM32F103C\Release\core.a(usb_cdcacm.c.o)
 .text.usbGetConfigDescriptor
                0x08004394        0xc C:\Users\evrichon\AppData\Local\Temp\VMBuilds\SmartCafe\stm32duino_genericSTM32F103C\Release\core.a(usb_cdcacm.c.o)
 .text.usbGetDeviceDescriptor
                0x080043a0        0xc C:\Users\evrichon\AppData\Local\Temp\VMBuilds\SmartCafe\stm32duino_genericSTM32F103C\Release\core.a(usb_cdcacm.c.o)
 .text.usbInit  0x080043ac       0x44 C:\Users\evrichon\AppData\Local\Temp\VMBuilds\SmartCafe\stm32duino_genericSTM32F103C\Release\core.a(usb_cdcacm.c.o)
 .text.usbReset
                0x080043f0      0x160 C:\Users\evrichon\AppData\Local\Temp\VMBuilds\SmartCafe\stm32duino_genericSTM32F103C\Release\core.a(usb_cdcacm.c.o)
 .text.usb_set_ep_rx_count
                0x08004550       0x40 C:\Users\evrichon\AppData\Local\Temp\VMBuilds\SmartCafe\stm32duino_genericSTM32F103C\Release\core.a(usb_reg_map.c.o)
                0x08004550                usb_set_ep_rx_count
 .text.Standard_GetConfiguration
                0x08004590       0x24 C:\Users\evrichon\AppData\Local\Temp\VMBuilds\SmartCafe\stm32duino_genericSTM32F103C\Release\core.a(usb_core.c.o)
                0x08004590                Standard_GetConfiguration
 .text.Standard_GetInterface
                0x080045b4       0x24 C:\Users\evrichon\AppData\Local\Temp\VMBuilds\SmartCafe\stm32duino_genericSTM32F103C\Release\core.a(usb_core.c.o)
                0x080045b4                Standard_GetInterface
 .text.Standard_GetStatus
                0x080045d8       0x90 C:\Users\evrichon\AppData\Local\Temp\VMBuilds\SmartCafe\stm32duino_genericSTM32F103C\Release\core.a(usb_core.c.o)
                0x080045d8                Standard_GetStatus
 .text.DataStageIn
                0x08004668       0xa8 C:\Users\evrichon\AppData\Local\Temp\VMBuilds\SmartCafe\stm32duino_genericSTM32F103C\Release\core.a(usb_core.c.o)
 .text.Standard_SetConfiguration
                0x08004710       0x38 C:\Users\evrichon\AppData\Local\Temp\VMBuilds\SmartCafe\stm32duino_genericSTM32F103C\Release\core.a(usb_core.c.o)
                0x08004710                Standard_SetConfiguration
 .text.Standard_SetInterface
                0x08004748       0x48 C:\Users\evrichon\AppData\Local\Temp\VMBuilds\SmartCafe\stm32duino_genericSTM32F103C\Release\core.a(usb_core.c.o)
                0x08004748                Standard_SetInterface
 .text.Standard_ClearFeature
                0x08004790       0xd0 C:\Users\evrichon\AppData\Local\Temp\VMBuilds\SmartCafe\stm32duino_genericSTM32F103C\Release\core.a(usb_core.c.o)
                0x08004790                Standard_ClearFeature
 .text.Standard_SetEndPointFeature
                0x08004860       0x84 C:\Users\evrichon\AppData\Local\Temp\VMBuilds\SmartCafe\stm32duino_genericSTM32F103C\Release\core.a(usb_core.c.o)
                0x08004860                Standard_SetEndPointFeature
 .text.Standard_SetDeviceFeature
                0x080048e4       0x24 C:\Users\evrichon\AppData\Local\Temp\VMBuilds\SmartCafe\stm32duino_genericSTM32F103C\Release\core.a(usb_core.c.o)
                0x080048e4                Standard_SetDeviceFeature
 .text.Standard_GetDescriptorData
                0x08004908       0x1c C:\Users\evrichon\AppData\Local\Temp\VMBuilds\SmartCafe\stm32duino_genericSTM32F103C\Release\core.a(usb_core.c.o)
                0x08004908                Standard_GetDescriptorData
 .text.Post0_Process
                0x08004924       0x40 C:\Users\evrichon\AppData\Local\Temp\VMBuilds\SmartCafe\stm32duino_genericSTM32F103C\Release\core.a(usb_core.c.o)
                0x08004924                Post0_Process
 .text.Setup0_Process
                0x08004964      0x2d0 C:\Users\evrichon\AppData\Local\Temp\VMBuilds\SmartCafe\stm32duino_genericSTM32F103C\Release\core.a(usb_core.c.o)
                0x08004964                Setup0_Process
 .text.Out0_Process
                0x08004c34       0xc8 C:\Users\evrichon\AppData\Local\Temp\VMBuilds\SmartCafe\stm32duino_genericSTM32F103C\Release\core.a(usb_core.c.o)
                0x08004c34                Out0_Process
 .text.SetDeviceAddress
                0x08004cfc       0x38 C:\Users\evrichon\AppData\Local\Temp\VMBuilds\SmartCafe\stm32duino_genericSTM32F103C\Release\core.a(usb_core.c.o)
                0x08004cfc                SetDeviceAddress
 .text.In0_Process
                0x08004d34       0x5c C:\Users\evrichon\AppData\Local\Temp\VMBuilds\SmartCafe\stm32duino_genericSTM32F103C\Release\core.a(usb_core.c.o)
                0x08004d34                In0_Process
 .text.NOP_Process
                0x08004d90        0x2 C:\Users\evrichon\AppData\Local\Temp\VMBuilds\SmartCafe\stm32duino_genericSTM32F103C\Release\core.a(usb_core.c.o)
                0x08004d90                NOP_Process
 .text.UserToPMABufferCopy
                0x08004d92       0x30 C:\Users\evrichon\AppData\Local\Temp\VMBuilds\SmartCafe\stm32duino_genericSTM32F103C\Release\core.a(usb_mem.c.o)
                0x08004d92                UserToPMABufferCopy
 .text.PMAToUserBufferCopy
                0x08004dc2       0x24 C:\Users\evrichon\AppData\Local\Temp\VMBuilds\SmartCafe\stm32duino_genericSTM32F103C\Release\core.a(usb_mem.c.o)
                0x08004dc2                PMAToUserBufferCopy
 .text.SetEPTxStatus
                0x08004de6       0x2a C:\Users\evrichon\AppData\Local\Temp\VMBuilds\SmartCafe\stm32duino_genericSTM32F103C\Release\core.a(usb_regs.c.o)
                0x08004de6                SetEPTxStatus
 .text.ClearDTOG_RX
                0x08004e10       0x20 C:\Users\evrichon\AppData\Local\Temp\VMBuilds\SmartCafe\stm32duino_genericSTM32F103C\Release\core.a(usb_regs.c.o)
                0x08004e10                ClearDTOG_RX
 .text.ClearDTOG_TX
                0x08004e30       0x20 C:\Users\evrichon\AppData\Local\Temp\VMBuilds\SmartCafe\stm32duino_genericSTM32F103C\Release\core.a(usb_regs.c.o)
                0x08004e30                ClearDTOG_TX
 .text.GetEPTxAddr
                0x08004e50       0x1c C:\Users\evrichon\AppData\Local\Temp\VMBuilds\SmartCafe\stm32duino_genericSTM32F103C\Release\core.a(usb_regs.c.o)
                0x08004e50                GetEPTxAddr
 .text.GetEPRxAddr
                0x08004e6c       0x1c C:\Users\evrichon\AppData\Local\Temp\VMBuilds\SmartCafe\stm32duino_genericSTM32F103C\Release\core.a(usb_regs.c.o)
                0x08004e6c                GetEPRxAddr
 .text.SetEPTxCount
                0x08004e88       0x1c C:\Users\evrichon\AppData\Local\Temp\VMBuilds\SmartCafe\stm32duino_genericSTM32F103C\Release\core.a(usb_regs.c.o)
                0x08004e88                SetEPTxCount
 .text.SetEPRxCount
                0x08004ea4       0x40 C:\Users\evrichon\AppData\Local\Temp\VMBuilds\SmartCafe\stm32duino_genericSTM32F103C\Release\core.a(usb_regs.c.o)
                0x08004ea4                SetEPRxCount
 .text.__cxa_pure_virtual
                0x08004ee4        0x2 C:\Users\evrichon\AppData\Local\Temp\VMBuilds\SmartCafe\stm32duino_genericSTM32F103C\Release\core.a(cxxabi-compat.cpp.o)
                0x08004ee4                __cxa_pure_virtual
 .text.rb_full_count
                0x08004ee6       0x22 C:\Users\evrichon\AppData\Local\Temp\VMBuilds\SmartCafe\stm32duino_genericSTM32F103C\Release\core.a(HardwareSerial.cpp.o)
 .text._ZN14HardwareSerial4readEv
                0x08004f08       0x3a C:\Users\evrichon\AppData\Local\Temp\VMBuilds\SmartCafe\stm32duino_genericSTM32F103C\Release\core.a(HardwareSerial.cpp.o)
                0x08004f08                HardwareSerial::read()
 .text._ZN14HardwareSerial9availableEv
                0x08004f42        0xc C:\Users\evrichon\AppData\Local\Temp\VMBuilds\SmartCafe\stm32duino_genericSTM32F103C\Release\core.a(HardwareSerial.cpp.o)
                0x08004f42                HardwareSerial::available()
 .text._ZN14HardwareSerial4peekEv
                0x08004f4e       0x22 C:\Users\evrichon\AppData\Local\Temp\VMBuilds\SmartCafe\stm32duino_genericSTM32F103C\Release\core.a(HardwareSerial.cpp.o)
                0x08004f4e                HardwareSerial::peek()
 .text._ZN14HardwareSerial5flushEv
                0x08004f70       0x1a C:\Users\evrichon\AppData\Local\Temp\VMBuilds\SmartCafe\stm32duino_genericSTM32F103C\Release\core.a(HardwareSerial.cpp.o)
                0x08004f70                HardwareSerial::flush()
 .text._ZN14HardwareSerial5writeEh
                0x08004f8a       0x1e C:\Users\evrichon\AppData\Local\Temp\VMBuilds\SmartCafe\stm32duino_genericSTM32F103C\Release\core.a(HardwareSerial.cpp.o)
                0x08004f8a                HardwareSerial::write(unsigned char)
 .text._ZN14HardwareSerialC2EP9usart_devhh
                0x08004fa8       0x1c C:\Users\evrichon\AppData\Local\Temp\VMBuilds\SmartCafe\stm32duino_genericSTM32F103C\Release\core.a(HardwareSerial.cpp.o)
                0x08004fa8                HardwareSerial::HardwareSerial(usart_dev*, unsigned char, unsigned char)
                0x08004fa8                HardwareSerial::HardwareSerial(usart_dev*, unsigned char, unsigned char)
 .text._ZN14HardwareSerial5beginEmh
                0x08004fc4       0x78 C:\Users\evrichon\AppData\Local\Temp\VMBuilds\SmartCafe\stm32duino_genericSTM32F103C\Release\core.a(HardwareSerial.cpp.o)
                0x08004fc4                HardwareSerial::begin(unsigned long, unsigned char)
 .text._ZN14HardwareSerial5beginEm
                0x0800503c        0x6 C:\Users\evrichon\AppData\Local\Temp\VMBuilds\SmartCafe\stm32duino_genericSTM32F103C\Release\core.a(HardwareSerial.cpp.o)
                0x0800503c                HardwareSerial::begin(unsigned long)
 .text.startup._Z7premainv
                0x08005042        0x4 C:\Users\evrichon\AppData\Local\Temp\VMBuilds\SmartCafe\stm32duino_genericSTM32F103C\Release\core.a(main.cpp.o)
                0x08005042                premain()
 .text.startup.main
                0x08005046        0xc C:\Users\evrichon\AppData\Local\Temp\VMBuilds\SmartCafe\stm32duino_genericSTM32F103C\Release\core.a(main.cpp.o)
                0x08005046                main
 .text._Znwj    0x08005052        0x4 C:\Users\evrichon\AppData\Local\Temp\VMBuilds\SmartCafe\stm32duino_genericSTM32F103C\Release\core.a(new.cpp.o)
                0x08005052                operator new(unsigned int)
 .text._Znaj    0x08005056        0x4 C:\Users\evrichon\AppData\Local\Temp\VMBuilds\SmartCafe\stm32duino_genericSTM32F103C\Release\core.a(new.cpp.o)
                0x08005056                operator new[](unsigned int)
 .text._ZdlPv   0x0800505a        0x4 C:\Users\evrichon\AppData\Local\Temp\VMBuilds\SmartCafe\stm32duino_genericSTM32F103C\Release\core.a(new.cpp.o)
                0x0800505a                operator delete(void*)
 .text._ZN5Print5writeEPKvm
                0x0800505e       0x20 C:\Users\evrichon\AppData\Local\Temp\VMBuilds\SmartCafe\stm32duino_genericSTM32F103C\Release\core.a(Print.cpp.o)
                0x0800505e                Print::write(void const*, unsigned long)
 .text._ZN5Print5writeEPKc
                0x0800507e       0x1e C:\Users\evrichon\AppData\Local\Temp\VMBuilds\SmartCafe\stm32duino_genericSTM32F103C\Release\core.a(Print.cpp.o)
                0x0800507e                Print::write(char const*)
 .text._ZN5Print5printEc
                0x0800509c        0xa C:\Users\evrichon\AppData\Local\Temp\VMBuilds\SmartCafe\stm32duino_genericSTM32F103C\Release\core.a(Print.cpp.o)
                0x0800509c                Print::print(char)
 .text._ZN5Print5printEPKc
                0x080050a6        0xa C:\Users\evrichon\AppData\Local\Temp\VMBuilds\SmartCafe\stm32duino_genericSTM32F103C\Release\core.a(Print.cpp.o)
                0x080050a6                Print::print(char const*)
 .text._ZN5Print7printlnEv
                0x080050b0       0x18 C:\Users\evrichon\AppData\Local\Temp\VMBuilds\SmartCafe\stm32duino_genericSTM32F103C\Release\core.a(Print.cpp.o)
                0x080050b0                Print::println()
 .text._ZN5Print7printlnEPKc
                0x080050c8       0x14 C:\Users\evrichon\AppData\Local\Temp\VMBuilds\SmartCafe\stm32duino_genericSTM32F103C\Release\core.a(Print.cpp.o)
                0x080050c8                Print::println(char const*)
 .text._ZN5Print11printNumberEyh
                0x080050dc       0x84 C:\Users\evrichon\AppData\Local\Temp\VMBuilds\SmartCafe\stm32duino_genericSTM32F103C\Release\core.a(Print.cpp.o)
                0x080050dc                Print::printNumber(unsigned long long, unsigned char)
 .text._ZN5Print5printExi
                0x08005160       0x32 C:\Users\evrichon\AppData\Local\Temp\VMBuilds\SmartCafe\stm32duino_genericSTM32F103C\Release\core.a(Print.cpp.o)
                0x08005160                Print::print(long long, int)
 .text._ZN5Print5printEii
                0x08005192       0x12 C:\Users\evrichon\AppData\Local\Temp\VMBuilds\SmartCafe\stm32duino_genericSTM32F103C\Release\core.a(Print.cpp.o)
                0x08005192                Print::print(int, int)
 .text._ZN5Print7printlnEii
                0x080051a4       0x14 C:\Users\evrichon\AppData\Local\Temp\VMBuilds\SmartCafe\stm32duino_genericSTM32F103C\Release\core.a(Print.cpp.o)
                0x080051a4                Print::println(int, int)
 .text._ZN5Print5printEhi
                0x080051b8       0x14 C:\Users\evrichon\AppData\Local\Temp\VMBuilds\SmartCafe\stm32duino_genericSTM32F103C\Release\core.a(Print.cpp.o)
                0x080051b8                Print::print(unsigned char, int)
 *fill*         0x080051cc        0x4 
 .text._ZN5Print10printFloatEdh
                0x080051d0      0x158 C:\Users\evrichon\AppData\Local\Temp\VMBuilds\SmartCafe\stm32duino_genericSTM32F103C\Release\core.a(Print.cpp.o)
                0x080051d0                Print::printFloat(double, unsigned char)
 .text._ZN5Print5printEdi
                0x08005328        0xa C:\Users\evrichon\AppData\Local\Temp\VMBuilds\SmartCafe\stm32duino_genericSTM32F103C\Release\core.a(Print.cpp.o)
                0x08005328                Print::print(double, int)
 .text._ZN5Print7printlnEdi
                0x08005332       0x1c C:\Users\evrichon\AppData\Local\Temp\VMBuilds\SmartCafe\stm32duino_genericSTM32F103C\Release\core.a(Print.cpp.o)
                0x08005332                Print::println(double, int)
 *fill*         0x0800534e        0x2 
 .text._Z11digitalReadh
                0x08005350       0x2c C:\Users\evrichon\AppData\Local\Temp\VMBuilds\SmartCafe\stm32duino_genericSTM32F103C\Release\core.a(wirish_digital.cpp.o)
                0x08005350                digitalRead(unsigned char)
 .text._Z12digitalWritehh
                0x0800537c       0x2c C:\Users\evrichon\AppData\Local\Temp\VMBuilds\SmartCafe\stm32duino_genericSTM32F103C\Release\core.a(wirish_digital.cpp.o)
                0x0800537c                digitalWrite(unsigned char, unsigned char)
 .text._ZL6microsv
                0x080053a8       0x34 C:\Users\evrichon\AppData\Local\Temp\VMBuilds\SmartCafe\stm32duino_genericSTM32F103C\Release\core.a(wirish_time.cpp.o)
 .text._Z5delaym
                0x080053dc       0x2a C:\Users\evrichon\AppData\Local\Temp\VMBuilds\SmartCafe\stm32duino_genericSTM32F103C\Release\core.a(wirish_time.cpp.o)
                0x080053dc                delay(unsigned long)
 *fill*         0x08005406        0x2 
 .text._Z7pinModeh13WiringPinMode
                0x08005408       0x84 C:\Users\evrichon\AppData\Local\Temp\VMBuilds\SmartCafe\stm32duino_genericSTM32F103C\Release\core.a(wirish_digital_f1.cpp.o)
                0x08005408                pinMode(unsigned char, WiringPinMode)
 .text.__empty  0x0800548c        0x2 C:\Users\evrichon\AppData\Local\Temp\VMBuilds\SmartCafe\stm32duino_genericSTM32F103C\Release\core.a(hooks.c.o)
                0x0800548c                yield
 .text.gpio_init
                0x0800548e       0x14 C:\Users\evrichon\AppData\Local\Temp\VMBuilds\SmartCafe\stm32duino_genericSTM32F103C\Release\core.a(gpio.c.o)
                0x0800548e                gpio_init
 *fill*         0x080054a2        0x2 
 .text.usart_init
                0x080054a4       0x4c C:\Users\evrichon\AppData\Local\Temp\VMBuilds\SmartCafe\stm32duino_genericSTM32F103C\Release\core.a(usart.c.o)
                0x080054a4                usart_init
 .text.usart_enable
                0x080054f0       0x14 C:\Users\evrichon\AppData\Local\Temp\VMBuilds\SmartCafe\stm32duino_genericSTM32F103C\Release\core.a(usart.c.o)
                0x080054f0                usart_enable
 .text.usart_tx
                0x08005504       0x9c C:\Users\evrichon\AppData\Local\Temp\VMBuilds\SmartCafe\stm32duino_genericSTM32F103C\Release\core.a(usart.c.o)
                0x08005504                usart_tx
 .text.__aeabi_atexit
                0x080055a0        0xc c:/users/evrichon/appdata/local/arduino15/packages/arduino/tools/arm-none-eabi-gcc/4.8.3-2014q1/bin/../lib/gcc/arm-none-eabi/4.8.3/../../../../arm-none-eabi/lib/armv7-m\libstdc++.a(atexit_arm.o)
                0x080055a0                __aeabi_atexit
 .text.ceilf    0x080055ac       0x88 c:/users/evrichon/appdata/local/arduino15/packages/arduino/tools/arm-none-eabi-gcc/4.8.3-2014q1/bin/../lib/gcc/arm-none-eabi/4.8.3/../../../../arm-none-eabi/lib/armv7-m\libm.a(lib_a-sf_ceil.o)
                0x080055ac                ceilf
 .text          0x08005634      0x370 c:/users/evrichon/appdata/local/arduino15/packages/arduino/tools/arm-none-eabi-gcc/4.8.3-2014q1/bin/../lib/gcc/arm-none-eabi/4.8.3/armv7-m\libgcc.a(_arm_addsubdf3.o)
                0x08005634                __aeabi_drsub
                0x0800563c                __aeabi_dsub
                0x0800563c                __subdf3
                0x08005640                __aeabi_dadd
                0x08005640                __adddf3
                0x080058b8                __floatunsidf
                0x080058b8                __aeabi_ui2d
                0x080058d8                __floatsidf
                0x080058d8                __aeabi_i2d
                0x080058fc                __aeabi_f2d
                0x080058fc                __extendsfdf2
                0x08005938                __floatundidf
                0x08005938                __aeabi_ul2d
                0x08005948                __floatdidf
                0x08005948                __aeabi_l2d
 .text          0x080059a4      0x424 c:/users/evrichon/appdata/local/arduino15/packages/arduino/tools/arm-none-eabi-gcc/4.8.3-2014q1/bin/../lib/gcc/arm-none-eabi/4.8.3/armv7-m\libgcc.a(_arm_muldivdf3.o)
                0x080059a4                __aeabi_dmul
                0x080059a4                __muldf3
                0x08005bf8                __divdf3
                0x08005bf8                __aeabi_ddiv
 .text          0x08005dc8      0x110 c:/users/evrichon/appdata/local/arduino15/packages/arduino/tools/arm-none-eabi-gcc/4.8.3-2014q1/bin/../lib/gcc/arm-none-eabi/4.8.3/armv7-m\libgcc.a(_arm_cmpdf2.o)
                0x08005dc8                __gtdf2
                0x08005dc8                __gedf2
                0x08005dd0                __ltdf2
                0x08005dd0                __ledf2
                0x08005dd8                __nedf2
                0x08005dd8                __eqdf2
                0x08005dd8                __cmpdf2
                0x08005e54                __aeabi_cdrcmple
                0x08005e64                __aeabi_cdcmpeq
                0x08005e64                __aeabi_cdcmple
                0x08005e74                __aeabi_dcmpeq
                0x08005e88                __aeabi_dcmplt
                0x08005e9c                __aeabi_dcmple
                0x08005eb0                __aeabi_dcmpge
                0x08005ec4                __aeabi_dcmpgt
 .text          0x08005ed8       0x50 c:/users/evrichon/appdata/local/arduino15/packages/arduino/tools/arm-none-eabi-gcc/4.8.3-2014q1/bin/../lib/gcc/arm-none-eabi/4.8.3/armv7-m\libgcc.a(_arm_fixdfsi.o)
                0x08005ed8                __aeabi_d2iz
                0x08005ed8                __fixdfsi
 .text          0x08005f28      0x21c c:/users/evrichon/appdata/local/arduino15/packages/arduino/tools/arm-none-eabi-gcc/4.8.3-2014q1/bin/../lib/gcc/arm-none-eabi/4.8.3/armv7-m\libgcc.a(_arm_addsubsf3.o)
                0x08005f28                __aeabi_frsub
                0x08005f30                __subsf3
                0x08005f30                __aeabi_fsub
                0x08005f34                __aeabi_fadd
                0x08005f34                __addsf3
                0x08006094                __aeabi_ui2f
                0x08006094                __floatunsisf
                0x0800609c                __aeabi_i2f
                0x0800609c                __floatsisf
                0x080060b8                __aeabi_ul2f
                0x080060b8                __floatundisf
                0x080060c8                __aeabi_l2f
                0x080060c8                __floatdisf
 .text          0x08006144      0x2a0 c:/users/evrichon/appdata/local/arduino15/packages/arduino/tools/arm-none-eabi-gcc/4.8.3-2014q1/bin/../lib/gcc/arm-none-eabi/4.8.3/armv7-m\libgcc.a(_arm_muldivsf3.o)
                0x08006144                __mulsf3
                0x08006144                __aeabi_fmul
                0x080062ac                __aeabi_fdiv
                0x080062ac                __divsf3
 .text          0x080063e4       0xec c:/users/evrichon/appdata/local/arduino15/packages/arduino/tools/arm-none-eabi-gcc/4.8.3-2014q1/bin/../lib/gcc/arm-none-eabi/4.8.3/armv7-m\libgcc.a(_arm_cmpsf2.o)
                0x080063e4                __gesf2
                0x080063e4                __gtsf2
                0x080063ec                __lesf2
                0x080063ec                __ltsf2
                0x080063f4                __nesf2
                0x080063f4                __eqsf2
                0x080063f4                __cmpsf2
                0x08006454                __aeabi_cfrcmple
                0x0800645c                __aeabi_cfcmpeq
                0x0800645c                __aeabi_cfcmple
                0x0800646c                __aeabi_fcmpeq
                0x08006480                __aeabi_fcmplt
                0x08006494                __aeabi_fcmple
                0x080064a8                __aeabi_fcmpge
                0x080064bc                __aeabi_fcmpgt
 .text          0x080064d0       0x4c c:/users/evrichon/appdata/local/arduino15/packages/arduino/tools/arm-none-eabi-gcc/4.8.3-2014q1/bin/../lib/gcc/arm-none-eabi/4.8.3/armv7-m\libgcc.a(_arm_fixsfsi.o)
                0x080064d0                __aeabi_f2iz
                0x080064d0                __fixsfsi
 .text          0x0800651c       0x40 c:/users/evrichon/appdata/local/arduino15/packages/arduino/tools/arm-none-eabi-gcc/4.8.3-2014q1/bin/../lib/gcc/arm-none-eabi/4.8.3/armv7-m\libgcc.a(_arm_fixunssfsi.o)
                0x0800651c                __fixunssfsi
                0x0800651c                __aeabi_f2uiz
 .text          0x0800655c       0x2c c:/users/evrichon/appdata/local/arduino15/packages/arduino/tools/arm-none-eabi-gcc/4.8.3-2014q1/bin/../lib/gcc/arm-none-eabi/4.8.3/armv7-m\libgcc.a(_aeabi_uldivmod.o)
                0x0800655c                __aeabi_uldivmod
 .text          0x08006588       0x30 c:/users/evrichon/appdata/local/arduino15/packages/arduino/tools/arm-none-eabi-gcc/4.8.3-2014q1/bin/../lib/gcc/arm-none-eabi/4.8.3/armv7-m\libgcc.a(_fixdfdi.o)
                0x08006588                __fixdfdi
                0x08006588                __aeabi_d2lz
 .text          0x080065b8       0x44 c:/users/evrichon/appdata/local/arduino15/packages/arduino/tools/arm-none-eabi-gcc/4.8.3-2014q1/bin/../lib/gcc/arm-none-eabi/4.8.3/armv7-m\libgcc.a(_fixunsdfdi.o)
                0x080065b8                __fixunsdfdi
                0x080065b8                __aeabi_d2ulz
 .text          0x080065fc       0x60 c:/users/evrichon/appdata/local/arduino15/packages/arduino/tools/arm-none-eabi-gcc/4.8.3-2014q1/bin/../lib/gcc/arm-none-eabi/4.8.3/armv7-m\libgcc.a(bpabi.o)
                0x080065fc                __gnu_ldivmod_helper
                0x0800662c                __gnu_uldivmod_helper
 .text          0x0800665c        0x4 c:/users/evrichon/appdata/local/arduino15/packages/arduino/tools/arm-none-eabi-gcc/4.8.3-2014q1/bin/../lib/gcc/arm-none-eabi/4.8.3/armv7-m\libgcc.a(_dvmd_tls.o)
                0x0800665c                __aeabi_idiv0
                0x0800665c                __aeabi_ldiv0
 .text          0x08006660       0x40 c:/users/evrichon/appdata/local/arduino15/packages/arduino/tools/arm-none-eabi-gcc/4.8.3-2014q1/bin/../lib/gcc/arm-none-eabi/4.8.3/armv7-m\libgcc.a(_arm_fixunsdfsi.o)
                0x08006660                __aeabi_d2uiz
                0x08006660                __fixunsdfsi
 .text          0x080066a0      0x2a0 c:/users/evrichon/appdata/local/arduino15/packages/arduino/tools/arm-none-eabi-gcc/4.8.3-2014q1/bin/../lib/gcc/arm-none-eabi/4.8.3/armv7-m\libgcc.a(_divdi3.o)
                0x080066a0                __divdi3
 .text          0x08006940      0x290 c:/users/evrichon/appdata/local/arduino15/packages/arduino/tools/arm-none-eabi-gcc/4.8.3-2014q1/bin/../lib/gcc/arm-none-eabi/4.8.3/armv7-m\libgcc.a(_udivdi3.o)
                0x08006940                __udivdi3
 .text.atoi     0x08006bd0        0x8 c:/users/evrichon/appdata/local/arduino15/packages/arduino/tools/arm-none-eabi-gcc/4.8.3-2014q1/bin/../lib/gcc/arm-none-eabi/4.8.3/../../../../arm-none-eabi/lib/armv7-m\libc.a(lib_a-atoi.o)
                0x08006bd0                atoi
 .text.__cxa_atexit
                0x08006bd8       0x14 c:/users/evrichon/appdata/local/arduino15/packages/arduino/tools/arm-none-eabi-gcc/4.8.3-2014q1/bin/../lib/gcc/arm-none-eabi/4.8.3/../../../../arm-none-eabi/lib/armv7-m\libc.a(lib_a-cxa_atexit.o)
                0x08006bd8                __cxa_atexit
 .text.__errno  0x08006bec        0xc c:/users/evrichon/appdata/local/arduino15/packages/arduino/tools/arm-none-eabi-gcc/4.8.3-2014q1/bin/../lib/gcc/arm-none-eabi/4.8.3/../../../../arm-none-eabi/lib/armv7-m\libc.a(lib_a-errno.o)
                0x08006bec                __errno
 .text.exit     0x08006bf8       0x20 c:/users/evrichon/appdata/local/arduino15/packages/arduino/tools/arm-none-eabi-gcc/4.8.3-2014q1/bin/../lib/gcc/arm-none-eabi/4.8.3/../../../../arm-none-eabi/lib/armv7-m\libc.a(lib_a-exit.o)
                0x08006bf8                exit
 .text.__libc_init_array
                0x08006c18       0x50 c:/users/evrichon/appdata/local/arduino15/packages/arduino/tools/arm-none-eabi-gcc/4.8.3-2014q1/bin/../lib/gcc/arm-none-eabi/4.8.3/../../../../arm-none-eabi/lib/armv7-m\libc.a(lib_a-init.o)
                0x08006c18                __libc_init_array
 .text.malloc   0x08006c68       0x10 c:/users/evrichon/appdata/local/arduino15/packages/arduino/tools/arm-none-eabi-gcc/4.8.3-2014q1/bin/../lib/gcc/arm-none-eabi/4.8.3/../../../../arm-none-eabi/lib/armv7-m\libc.a(lib_a-malloc.o)
                0x08006c68                malloc
 .text.free     0x08006c78       0x10 c:/users/evrichon/appdata/local/arduino15/packages/arduino/tools/arm-none-eabi-gcc/4.8.3-2014q1/bin/../lib/gcc/arm-none-eabi/4.8.3/../../../../arm-none-eabi/lib/armv7-m\libc.a(lib_a-malloc.o)
                0x08006c78                free
 .text._malloc_r
                0x08006c88      0x538 c:/users/evrichon/appdata/local/arduino15/packages/arduino/tools/arm-none-eabi-gcc/4.8.3-2014q1/bin/../lib/gcc/arm-none-eabi/4.8.3/../../../../arm-none-eabi/lib/armv7-m\libc.a(lib_a-mallocr.o)
                0x08006c88                _malloc_r
 .text.memset   0x080071c0       0x94 c:/users/evrichon/appdata/local/arduino15/packages/arduino/tools/arm-none-eabi-gcc/4.8.3-2014q1/bin/../lib/gcc/arm-none-eabi/4.8.3/../../../../arm-none-eabi/lib/armv7-m\libc.a(lib_a-memset.o)
                0x080071c0                memset
 .text.__malloc_lock
                0x08007254        0x4 c:/users/evrichon/appdata/local/arduino15/packages/arduino/tools/arm-none-eabi-gcc/4.8.3-2014q1/bin/../lib/gcc/arm-none-eabi/4.8.3/../../../../arm-none-eabi/lib/armv7-m\libc.a(lib_a-mlock.o)
                0x08007254                __malloc_lock
 .text.__malloc_unlock
                0x08007258        0x4 c:/users/evrichon/appdata/local/arduino15/packages/arduino/tools/arm-none-eabi-gcc/4.8.3-2014q1/bin/../lib/gcc/arm-none-eabi/4.8.3/../../../../arm-none-eabi/lib/armv7-m\libc.a(lib_a-mlock.o)
                0x08007258                __malloc_unlock
 .text._sbrk_r  0x0800725c       0x24 c:/users/evrichon/appdata/local/arduino15/packages/arduino/tools/arm-none-eabi-gcc/4.8.3-2014q1/bin/../lib/gcc/arm-none-eabi/4.8.3/../../../../arm-none-eabi/lib/armv7-m\libc.a(lib_a-sbrkr.o)
                0x0800725c                _sbrk_r
 .text.strlen   0x08007280       0x60 c:/users/evrichon/appdata/local/arduino15/packages/arduino/tools/arm-none-eabi-gcc/4.8.3-2014q1/bin/../lib/gcc/arm-none-eabi/4.8.3/../../../../arm-none-eabi/lib/armv7-m\libc.a(lib_a-strlen.o)
                0x08007280                strlen
 .text.strncpy  0x080072e0       0x64 c:/users/evrichon/appdata/local/arduino15/packages/arduino/tools/arm-none-eabi-gcc/4.8.3-2014q1/bin/../lib/gcc/arm-none-eabi/4.8.3/../../../../arm-none-eabi/lib/armv7-m\libc.a(lib_a-strncpy.o)
                0x080072e0                strncpy
 .text._strtol_r
                0x08007344      0x114 c:/users/evrichon/appdata/local/arduino15/packages/arduino/tools/arm-none-eabi-gcc/4.8.3-2014q1/bin/../lib/gcc/arm-none-eabi/4.8.3/../../../../arm-none-eabi/lib/armv7-m\libc.a(lib_a-strtol.o)
                0x08007344                _strtol_r
 .text.strtol   0x08007458       0x18 c:/users/evrichon/appdata/local/arduino15/packages/arduino/tools/arm-none-eabi-gcc/4.8.3-2014q1/bin/../lib/gcc/arm-none-eabi/4.8.3/../../../../arm-none-eabi/lib/armv7-m\libc.a(lib_a-strtol.o)
                0x08007458                strtol
 .text.__register_exitproc
                0x08007470       0xa8 c:/users/evrichon/appdata/local/arduino15/packages/arduino/tools/arm-none-eabi-gcc/4.8.3-2014q1/bin/../lib/gcc/arm-none-eabi/4.8.3/../../../../arm-none-eabi/lib/armv7-m\libc.a(lib_a-__atexit.o)
                0x08007470                __register_exitproc
 .text.startup.register_fini
                0x08007518       0x14 c:/users/evrichon/appdata/local/arduino15/packages/arduino/tools/arm-none-eabi-gcc/4.8.3-2014q1/bin/../lib/gcc/arm-none-eabi/4.8.3/../../../../arm-none-eabi/lib/armv7-m\libc.a(lib_a-__call_atexit.o)
 .text.__call_exitprocs
                0x0800752c       0xf0 c:/users/evrichon/appdata/local/arduino15/packages/arduino/tools/arm-none-eabi-gcc/4.8.3-2014q1/bin/../lib/gcc/arm-none-eabi/4.8.3/../../../../arm-none-eabi/lib/armv7-m\libc.a(lib_a-__call_atexit.o)
                0x0800752c                __call_exitprocs
 .text.atexit   0x0800761c        0xc c:/users/evrichon/appdata/local/arduino15/packages/arduino/tools/arm-none-eabi-gcc/4.8.3-2014q1/bin/../lib/gcc/arm-none-eabi/4.8.3/../../../../arm-none-eabi/lib/armv7-m\libc.a(lib_a-atexit.o)
                0x0800761c                atexit
 .text.__libc_fini_array
                0x08007628       0x30 c:/users/evrichon/appdata/local/arduino15/packages/arduino/tools/arm-none-eabi-gcc/4.8.3-2014q1/bin/../lib/gcc/arm-none-eabi/4.8.3/../../../../arm-none-eabi/lib/armv7-m\libc.a(lib_a-fini.o)
                0x08007628                __libc_fini_array
 .text._malloc_trim_r
                0x08007658       0x9c c:/users/evrichon/appdata/local/arduino15/packages/arduino/tools/arm-none-eabi-gcc/4.8.3-2014q1/bin/../lib/gcc/arm-none-eabi/4.8.3/../../../../arm-none-eabi/lib/armv7-m\libc.a(lib_a-freer.o)
                0x08007658                _malloc_trim_r
 .text._free_r  0x080076f4      0x198 c:/users/evrichon/appdata/local/arduino15/packages/arduino/tools/arm-none-eabi-gcc/4.8.3-2014q1/bin/../lib/gcc/arm-none-eabi/4.8.3/../../../../arm-none-eabi/lib/armv7-m\libc.a(lib_a-freer.o)
                0x080076f4                _free_r
 *(.plt)
 *(.gnu.warning)
 *(.glue_7t)
 .glue_7t       0x00000000        0x0 linker stubs
 *(.glue_7)
 .glue_7        0x00000000        0x0 linker stubs
 *(.vfp11_veneer)
 .vfp11_veneer  0x00000000        0x0 linker stubs
 *(.ARM.extab* .gnu.linkonce.armextab.*)
 *(.gcc_except_table)
 *(.eh_frame_hdr)
 *(.eh_frame)
 .eh_frame      0x0800788c        0x0 c:/users/evrichon/appdata/local/arduino15/packages/arduino/tools/arm-none-eabi-gcc/4.8.3-2014q1/bin/../lib/gcc/arm-none-eabi/4.8.3/armv7-m/crtbegin.o
                0x0800788c                . = ALIGN (0x4)
 *(.init)
 .init          0x0800788c        0x4 c:/users/evrichon/appdata/local/arduino15/packages/arduino/tools/arm-none-eabi-gcc/4.8.3-2014q1/bin/../lib/gcc/arm-none-eabi/4.8.3/armv7-m/crti.o
                0x0800788c                _init
 .init          0x08007890        0x8 c:/users/evrichon/appdata/local/arduino15/packages/arduino/tools/arm-none-eabi-gcc/4.8.3-2014q1/bin/../lib/gcc/arm-none-eabi/4.8.3/armv7-m/crtn.o
                0x08007898                . = ALIGN (0x4)
                0x08007898                __preinit_array_start = .
 *(.preinit_array)
                0x08007898                __preinit_array_end = .
                0x08007898                . = ALIGN (0x4)
                0x08007898                __init_array_start = .
 *(SORT(.init_array.*))
 .init_array.00000
                0x08007898        0x4 c:/users/evrichon/appdata/local/arduino15/packages/arduino/tools/arm-none-eabi-gcc/4.8.3-2014q1/bin/../lib/gcc/arm-none-eabi/4.8.3/../../../../arm-none-eabi/lib/armv7-m\libc.a(lib_a-__call_atexit.o)
 .init_array.00101
                0x0800789c        0x4 C:\Users\evrichon\AppData\Local\Temp\VMBuilds\SmartCafe\stm32duino_genericSTM32F103C\Release\core.a(main.cpp.o)
 *(.init_array)
 .init_array    0x080078a0        0x4 c:/users/evrichon/appdata/local/arduino15/packages/arduino/tools/arm-none-eabi-gcc/4.8.3-2014q1/bin/../lib/gcc/arm-none-eabi/4.8.3/armv7-m/crtbegin.o
 .init_array    0x080078a4        0x4 VM_DBG\VM_DBG.cpp.o
 .init_array    0x080078a8        0x4 Wire\Wire.cpp.o
 .init_array    0x080078ac        0x4 EEPROM\EEPROM.cpp.o
 .init_array    0x080078b0        0x4 SPI\SPI.cpp.o
 .init_array    0x080078b4        0x4 C:\Users\evrichon\AppData\Local\Temp\VMBCore\arduino16x\e5e90edf64ad75469db171401044759f\variant\board.cpp.o
                0x080078b8                __init_array_end = .
                0x080078b8                . = ALIGN (0x4)
 *crtbegin.o(.ctors)
 *(EXCLUDE_FILE(*crtend.o) .ctors)
 *(SORT(.ctors.*))
 *crtend.o(.ctors)
                0x080078b8                . = ALIGN (0x4)
 *(.fini)
 .fini          0x080078b8        0x4 c:/users/evrichon/appdata/local/arduino15/packages/arduino/tools/arm-none-eabi-gcc/4.8.3-2014q1/bin/../lib/gcc/arm-none-eabi/4.8.3/armv7-m/crti.o
                0x080078b8                _fini
 .fini          0x080078bc        0x8 c:/users/evrichon/appdata/local/arduino15/packages/arduino/tools/arm-none-eabi-gcc/4.8.3-2014q1/bin/../lib/gcc/arm-none-eabi/4.8.3/armv7-m/crtn.o
                0x080078c4                . = ALIGN (0x4)
                0x080078c4                __fini_array_start = .
 *(.fini_array)
 .fini_array    0x080078c4        0x4 c:/users/evrichon/appdata/local/arduino15/packages/arduino/tools/arm-none-eabi-gcc/4.8.3-2014q1/bin/../lib/gcc/arm-none-eabi/4.8.3/armv7-m/crtbegin.o
 *(SORT(.fini_array.*))
                0x080078c8                __fini_array_end = .
 *crtbegin.o(.dtors)
 *(EXCLUDE_FILE(*crtend.o) .dtors)
 *(SORT(.dtors.*))
 *crtend.o(.dtors)

.v4_bx          0x080078c8        0x0
 .v4_bx         0x00000000        0x0 linker stubs

.iplt           0x080078c8        0x0
 .iplt          0x00000000        0x0 c:/users/evrichon/appdata/local/arduino15/packages/arduino/tools/arm-none-eabi-gcc/4.8.3-2014q1/bin/../lib/gcc/arm-none-eabi/4.8.3/armv7-m/crtbegin.o

.text.align     0x080078c8        0x0
                0x080078c8                . = ALIGN (0x8)
                0x080078c8                __text_end__ = .
                0x080078c8                __exidx_start = .

.ARM.exidx      0x080078c8        0x8
 *(.ARM.exidx* .gnu.linkonce.armexidx.*)
 .ARM.exidx     0x080078c8        0x8 C:\Users\evrichon\AppData\Local\Temp\VMBCore\arduino16x\e5e90edf64ad75469db171401044759f\variant\start.S.o
 .ARM.exidx.text.__aeabi_atexit
                0x080078d0        0x0 c:/users/evrichon/appdata/local/arduino15/packages/arduino/tools/arm-none-eabi-gcc/4.8.3-2014q1/bin/../lib/gcc/arm-none-eabi/4.8.3/../../../../arm-none-eabi/lib/armv7-m\libstdc++.a(atexit_arm.o)
                                  0x8 (size before relaxing)
 .ARM.exidx     0x080078d0        0x0 c:/users/evrichon/appdata/local/arduino15/packages/arduino/tools/arm-none-eabi-gcc/4.8.3-2014q1/bin/../lib/gcc/arm-none-eabi/4.8.3/armv7-m\libgcc.a(_divdi3.o)
                                  0x8 (size before relaxing)
 .ARM.exidx     0x080078d0        0x0 c:/users/evrichon/appdata/local/arduino15/packages/arduino/tools/arm-none-eabi-gcc/4.8.3-2014q1/bin/../lib/gcc/arm-none-eabi/4.8.3/armv7-m\libgcc.a(_udivdi3.o)
                                  0x8 (size before relaxing)
                0x080078d0                __exidx_end = .

.data           0x20000000     0x1050 load address 0x080078d0
                0x20000000                __data_start__ = .
                0x20000000        0x4 LONG 0x0
                0x20000008                . = ALIGN (0x8)
 *fill*         0x20000004        0x4 
 *(.got.plt)
 *(.got)
 *(.data .data.* .gnu.linkonce.d.*)
 .data          0x20000008        0x4 c:/users/evrichon/appdata/local/arduino15/packages/arduino/tools/arm-none-eabi-gcc/4.8.3-2014q1/bin/../lib/gcc/arm-none-eabi/4.8.3/armv7-m/crtbegin.o
                0x20000008                __dso_handle
 .data.numChars
                0x2000000c        0x4 SmartCafe.cpp.o
                0x2000000c                numChars
 .data._ZZN16Adafruit_SSD130621drawFastVLineInternalEssstE8postmask
                0x20000010        0x8 Adafruit_SSD1306\Adafruit_SSD1306_STM32.cpp.o
                0x20000010                Adafruit_SSD1306::drawFastVLineInternal(short, short, short, unsigned short)::postmask
 .data._ZZN16Adafruit_SSD130621drawFastVLineInternalEssstE7premask
                0x20000018        0x8 Adafruit_SSD1306\Adafruit_SSD1306_STM32.cpp.o
                0x20000018                Adafruit_SSD1306::drawFastVLineInternal(short, short, short, unsigned short)::premask
 .data._ZL6buffer
                0x20000020      0x400 Adafruit_SSD1306\Adafruit_SSD1306_STM32.cpp.o
 .data._ZN6wirish4privL8pll_dataE
                0x20000420        0x4 C:\Users\evrichon\AppData\Local\Temp\VMBCore\arduino16x\e5e90edf64ad75469db171401044759f\variant\boards_setup.cpp.o
 .data._ZN6wirish4priv9w_adc_smpE
                0x20000424        0x1 C:\Users\evrichon\AppData\Local\Temp\VMBCore\arduino16x\e5e90edf64ad75469db171401044759f\variant\boards_setup.cpp.o
                0x20000424                wirish::priv::w_adc_smp
 *fill*         0x20000425        0x1 
 .data._ZN6wirish4priv9w_adc_preE
                0x20000426        0x2 C:\Users\evrichon\AppData\Local\Temp\VMBCore\arduino16x\e5e90edf64ad75469db171401044759f\variant\boards_setup.cpp.o
                0x20000426                wirish::priv::w_adc_pre
 .data._ZN6wirish4priv15w_board_pll_cfgE
                0x20000428        0x8 C:\Users\evrichon\AppData\Local\Temp\VMBCore\arduino16x\e5e90edf64ad75469db171401044759f\variant\boards_setup.cpp.o
                0x20000428                wirish::priv::w_board_pll_cfg
 .data.adc2     0x20000430        0x8 C:\Users\evrichon\AppData\Local\Temp\VMBuilds\SmartCafe\stm32duino_genericSTM32F103C\Release\core.a(adc_f1.c.o)
                0x20000430                adc2
 .data.adc1     0x20000438       0x18 C:\Users\evrichon\AppData\Local\Temp\VMBuilds\SmartCafe\stm32duino_genericSTM32F103C\Release\core.a(adc_f1.c.o)
                0x20000438                adc1
 .data.ADC2     0x20000450        0x4 C:\Users\evrichon\AppData\Local\Temp\VMBuilds\SmartCafe\stm32duino_genericSTM32F103C\Release\core.a(adc_f1.c.o)
                0x20000450                ADC2
 .data.ADC1     0x20000454        0x4 C:\Users\evrichon\AppData\Local\Temp\VMBuilds\SmartCafe\stm32duino_genericSTM32F103C\Release\core.a(adc_f1.c.o)
                0x20000454                ADC1
 .data.dma1     0x20000458       0x40 C:\Users\evrichon\AppData\Local\Temp\VMBuilds\SmartCafe\stm32duino_genericSTM32F103C\Release\core.a(dma_f1.c.o)
 .data.DMA1     0x20000498        0x4 C:\Users\evrichon\AppData\Local\Temp\VMBuilds\SmartCafe\stm32duino_genericSTM32F103C\Release\core.a(dma_f1.c.o)
                0x20000498                DMA1
 .data.gpioa    0x2000049c        0x8 C:\Users\evrichon\AppData\Local\Temp\VMBuilds\SmartCafe\stm32duino_genericSTM32F103C\Release\core.a(gpio_f1.c.o)
                0x2000049c                gpioa